gpu_uuid, pid, process_name, used_gpu_memory [MiB]
GPU-6b160c07-f026-687a-116a-86df85d84fd7, 3641256, /home/youyang7/bin/gg, 1286 MiB
GPU-6b160c07-f026-687a-116a-86df85d84fd7, 523936, /mnt/beegfs/sguo27/conda_envs/rpec_lion_py312/bin/python, 15754 MiB
GPU-f4a6adb2-b071-29bf-be74-532e8e230d94, 3641256, /home/youyang7/bin/gg, 1286 MiB
GPU-b5a3c338-83a5-d392-e299-41d0348c3090, 3641256, /home/youyang7/bin/gg, 1286 MiB
GPU-c03a67a9-f7bf-be4e-813d-06414c11db8c, 3641256, /home/youyang7/bin/gg, 1286 MiB
Waiting for memory capacity without interference: eligible=4/1.
0, 17055 MiB, 31485 MiB, 100 %
1, 1296 MiB, 47245 MiB, 40 %
2, 1296 MiB, 47245 MiB, 41 %
3, 1296 MiB, 47245 MiB, 44 %
Selected stable memory-fit GPUs by descending free memory on c31: 1 2 3 0
index, memory.used [MiB], memory.free [MiB]
1, 1296 MiB, 47245 MiB
indexindex, memory.used [MiB], memory.used [MiB], memory.free [MiB]
, memory.free [MiB]
3, 1296 MiB, 47245 MiB
2, 1296 MiB, 47245 MiB
index, memory.used [MiB], memory.free [MiB]
1, 1296 MiB, 47245 MiB
index, memory.used [MiB], memory.free [MiB]
3, 1296 MiB, 47245 MiB
index, memory.used [MiB], memory.free [MiB]
2, 1296 MiB, 47245 MiB
