gpu_uuid, pid, process_name, used_gpu_memory [MiB]
GPU-8b30d376-5e44-a824-b6f2-bd660e61508a, 1294862, /mnt/beegfs/youyang7/.conda/envs/sft/bin/python, 5802 MiB
{
  "node": "c49",
  "n": 1269,
  "accuracy": 0.6713947990543735,
  "comparisons": {
    "historical": {
      "prediction_text": 0,
      "predicted_answer": 0,
      "is_correct": 0,
      "output_token_count": 0
    },
    "replication_c31": {
      "prediction_text": 857,
      "predicted_answer": 408,
      "is_correct": 125,
      "output_token_count": 796
    }
  },
  "changes_primary_gate_baseline": false
}
