host=c49 shard=2/3 min_free_mib=18000 min_gpus=3
Fri Sep  4 00:56:10 2026       
+-----------------------------------------------------------------------------------------+
| NVIDIA-SMI 580.82.07              Driver Version: 580.82.07      CUDA Version: 13.0     |
+-----------------------------------------+------------------------+----------------------+
| GPU  Name                 Persistence-M | Bus-Id          Disp.A | Volatile Uncorr. ECC |
| Fan  Temp   Perf          Pwr:Usage/Cap |           Memory-Usage | GPU-Util  Compute M. |
|                                         |                        |               MIG M. |
|=========================================+========================+======================|
|   0  NVIDIA RTX 5000 Ada Gene...    Off |   00000000:01:00.0 Off |                  Off |
| 30%   26C    P8             15W /  250W |       4MiB /  32760MiB |      0%      Default |
|                                         |                        |                  N/A |
+-----------------------------------------+------------------------+----------------------+
|   1  NVIDIA RTX 5000 Ada Gene...    Off |   00000000:02:00.0 Off |                  Off |
| 30%   27C    P8              8W /  250W |       4MiB /  32760MiB |      0%      Default |
|                                         |                        |                  N/A |
+-----------------------------------------+------------------------+----------------------+
|   2  NVIDIA RTX 5000 Ada Gene...    Off |   00000000:C1:00.0 Off |                  Off |
| 30%   25C    P8             16W /  250W |       4MiB /  32760MiB |      0%      Default |
|                                         |                        |                  N/A |
+-----------------------------------------+------------------------+----------------------+

+-----------------------------------------------------------------------------------------+
| Processes:                                                                              |
|  GPU   GI   CI              PID   Type   Process name                        GPU Memory |
|        ID   ID                                                               Usage      |
|=========================================================================================|
|  No running processes found                                                             |
+-----------------------------------------------------------------------------------------+
Waiting for memory capacity without interference: eligible=3/3.
0, 4 MiB, 32225 MiB, 0 %
1, 4 MiB, 32225 MiB, 0 %
2, 4 MiB, 32225 MiB, 0 %
Selected stable memory-fit GPUs on c49: 0 1 2
