host=c32 shard=2/3 min_free_mib=18000 min_gpus=3
Fri Sep  4 01:26:08 2026       
+-----------------------------------------------------------------------------------------+
| NVIDIA-SMI 580.82.07              Driver Version: 580.82.07      CUDA Version: 13.0     |
+-----------------------------------------+------------------------+----------------------+
| GPU  Name                 Persistence-M | Bus-Id          Disp.A | Volatile Uncorr. ECC |
| Fan  Temp   Perf          Pwr:Usage/Cap |           Memory-Usage | GPU-Util  Compute M. |
|                                         |                        |               MIG M. |
|=========================================+========================+======================|
|   0  NVIDIA RTX 5000 Ada Gene...    Off |   00000000:01:00.0 Off |                  Off |
| 30%   43C    P8             19W /  250W |     322MiB /  32760MiB |      0%      Default |
|                                         |                        |                  N/A |
+-----------------------------------------+------------------------+----------------------+
|   1  NVIDIA RTX 5000 Ada Gene...    Off |   00000000:02:00.0 Off |                  Off |
| 34%   52C    P8             24W /  250W |     322MiB /  32760MiB |      0%      Default |
|                                         |                        |                  N/A |
+-----------------------------------------+------------------------+----------------------+
|   2  NVIDIA RTX 5000 Ada Gene...    Off |   00000000:C1:00.0 Off |                  Off |
| 44%   59C    P8             15W /  250W |     322MiB /  32760MiB |      0%      Default |
|                                         |                        |                  N/A |
+-----------------------------------------+------------------------+----------------------+

+-----------------------------------------------------------------------------------------+
| Processes:                                                                              |
|  GPU   GI   CI              PID   Type   Process name                        GPU Memory |
|        ID   ID                                                               Usage      |
|=========================================================================================|
|    0   N/A  N/A          855761      C   python3.11                              312MiB |
|    1   N/A  N/A          855761      C   python3.11                              312MiB |
|    2   N/A  N/A          855761      C   python3.11                              312MiB |
+-----------------------------------------------------------------------------------------+
GPU-0da9f2cd-67a6-4aee-3734-1ba42b668169, 855761, python3.11, 312
GPU-6adc9505-af45-4005-1682-6fb9910c889f, 855761, python3.11, 312
GPU-879273ae-87e3-5160-934c-b21413f8a183, 855761, python3.11, 312
Waiting without interference: idle=3/3, required>=3, stable_checks=1/2.
0, 322 MiB, 31908 MiB, 0 %
1, 322 MiB, 31908 MiB, 0 %
2, 322 MiB, 31908 MiB, 0 %
Selected stable idle GPUs on c32: 0 1 2
phase0_training_shard_complete shard=2
