{
  "status": "complete",
  "experiment_name": "phase2_short_long_feature_analysis_v1",
  "config_hash": "59ea29a5d2179cf33bb7c45d2a0cf627f2f93b77d3ab0664e4df038e0fa89342",
  "config_path": "/home/youyang7/projects/SAE_long_short/results/phase2_short_long_feature_analysis_v1/exploratory/protocol/frozen_protocol.json",
  "config_sha256": "edebe5e825da81ad77d3495574c775c3b69b124fb0dbd7b52e0d59c6032c96b6",
  "sae_run_count": 6,
  "primary_sae": {
    "layer_index": 17,
    "k": 64
  },
  "primary_candidate_count": 24,
  "primary_heldout_confirmed_count": 13,
  "displayed_feature_count": 16,
  "representative_example": {
    "problem_id": "hf-000649",
    "short_trace_id": "hf-000649:qwen2p5_7b:unconstrained_sample_pool:candidate_10",
    "long_trace_id": "hf-000649:qwen2p5_7b:unconstrained_sample_pool:candidate_08",
    "short_corpus_index": 4154,
    "long_corpus_index": 4152,
    "short_token_count": 224,
    "long_token_count": 407,
    "signature_gap": 1.244634030614187,
    "selection_rule": "median positive held-out signature contrast"
  },
  "findings": {
    "all_sae_heldout_confirmation_count": 66,
    "primary_short_confirmed_count": 5,
    "primary_long_confirmed_count": 8,
    "displayed_confirmed_count": 13,
    "representative_problem_id": "hf-000649",
    "representative_short_tokens": 224,
    "representative_long_tokens": 407,
    "example_top_lexical_associations": [
      "Answer",
      "Answer",
      "Answer",
      "Answer",
      "Answer",
      "Answer",
      "Answer",
      "Answer",
      "###",
      "Speed",
      "uting",
      "[\\n"
    ],
    "interpretation": "Replicated short/long association under token normalization and a first-64-token control; not yet utility or causality."
  },
  "artifacts": {
    "sae_feature_difference_summary.csv": {
      "path": "/home/youyang7/projects/SAE_long_short/results/phase2_short_long_feature_analysis_v1/exploratory/analysis/sae_feature_difference_summary.csv",
      "sha256": "fa8b39e5dea6e271b91b0cd51f857f3cc4f54538933291a7dd072f8d7cd94309"
    },
    "primary_heldout_features.csv": {
      "path": "/home/youyang7/projects/SAE_long_short/results/phase2_short_long_feature_analysis_v1/exploratory/analysis/primary_heldout_features.csv",
      "sha256": "f0b0e753efc4f5a9b3b0cc59219a21f23328714e7b76c3b13f0dabb01df81d19"
    },
    "top_activation_contexts.csv": {
      "path": "/home/youyang7/projects/SAE_long_short/results/phase2_short_long_feature_analysis_v1/exploratory/analysis/top_activation_contexts.csv",
      "sha256": "66114de1acfc649e53e754d28777b469ec1e7a03dbe7f80a0e22d9a471438c46"
    },
    "token_contexts.md": {
      "path": "/home/youyang7/projects/SAE_long_short/results/phase2_short_long_feature_analysis_v1/exploratory/analysis/token_contexts.md",
      "sha256": "61f5818512b0e81af35d4850ce550fd78378b3aba5628b958124b07f8fc6ab45"
    },
    "analysis_report.md": {
      "path": "/home/youyang7/projects/SAE_long_short/results/phase2_short_long_feature_analysis_v1/exploratory/analysis/analysis_report.md",
      "sha256": "4a7abe1d8c0839158eddbb5ea2d7d46d98f19ccfa8f4afa49d262d078940dcfe"
    },
    "01_sae_feature_difference_overview.png": {
      "path": "/home/youyang7/projects/SAE_long_short/figures/phase2_short_long_feature_analysis_v1/01_sae_feature_difference_overview.png",
      "sha256": "8325fd3e8959003dcf136bceb6f5fd984c936c16be40b8b08a6bc49787ff5dc0"
    },
    "01_sae_feature_difference_overview.pdf": {
      "path": "/home/youyang7/projects/SAE_long_short/figures/phase2_short_long_feature_analysis_v1/01_sae_feature_difference_overview.pdf",
      "sha256": "f8015bc7194573d63d6a17d3095c76eb1e5ea928733deb0de0747ec360b8bc76"
    },
    "02_primary_sae_discovery_volcano.png": {
      "path": "/home/youyang7/projects/SAE_long_short/figures/phase2_short_long_feature_analysis_v1/02_primary_sae_discovery_volcano.png",
      "sha256": "e67cd0773b874ff83e04e4b198146e9ed39c15c6e9e527f04519e3892de27446"
    },
    "02_primary_sae_discovery_volcano.pdf": {
      "path": "/home/youyang7/projects/SAE_long_short/figures/phase2_short_long_feature_analysis_v1/02_primary_sae_discovery_volcano.pdf",
      "sha256": "16a0c93dd055c9667b23c9a49168c3f46b25f53e62af3de671b34713a93abb48"
    },
    "03_heldout_feature_validation.png": {
      "path": "/home/youyang7/projects/SAE_long_short/figures/phase2_short_long_feature_analysis_v1/03_heldout_feature_validation.png",
      "sha256": "b28cce4b9df9f43d44295aad73089c4d7ab622115fcc6f9629a98fe11292bf73"
    },
    "03_heldout_feature_validation.pdf": {
      "path": "/home/youyang7/projects/SAE_long_short/figures/phase2_short_long_feature_analysis_v1/03_heldout_feature_validation.pdf",
      "sha256": "70fcd67ff2468423d0e1512219efd1ba841697501ba45f4981fa38d531fc67c1"
    },
    "04_same_question_token_heatmap.png": {
      "path": "/home/youyang7/projects/SAE_long_short/figures/phase2_short_long_feature_analysis_v1/04_same_question_token_heatmap.png",
      "sha256": "ef19b20d5949b06afd1b8673ec94eb0dcfda3d47ff78c09b8e3f928dd0afe25d"
    },
    "04_same_question_token_heatmap.pdf": {
      "path": "/home/youyang7/projects/SAE_long_short/figures/phase2_short_long_feature_analysis_v1/04_same_question_token_heatmap.pdf",
      "sha256": "75a7d63030191456a9d8c8995d5ffd942f7b0999cd74c69aa08a9b30f159aec6"
    },
    "05_token_and_position_diagnostics.png": {
      "path": "/home/youyang7/projects/SAE_long_short/figures/phase2_short_long_feature_analysis_v1/05_token_and_position_diagnostics.png",
      "sha256": "6a88f695b2da91fed86ed3ca0c0aac0bdc56476a6aef8ec803d4cfeb8588a0e0"
    },
    "05_token_and_position_diagnostics.pdf": {
      "path": "/home/youyang7/projects/SAE_long_short/figures/phase2_short_long_feature_analysis_v1/05_token_and_position_diagnostics.pdf",
      "sha256": "755c3fef914a40d0b3dab67f77edbbb5f9df4fbd0dd671b7f885e979121aa6b1"
    },
    "06_short_long_feature_story.png": {
      "path": "/home/youyang7/projects/SAE_long_short/figures/phase2_short_long_feature_analysis_v1/06_short_long_feature_story.png",
      "sha256": "d4c6f97387008f43b80610f94403d340198cecda60996a9aebf50fa4d9dd641d"
    },
    "06_short_long_feature_story.pdf": {
      "path": "/home/youyang7/projects/SAE_long_short/figures/phase2_short_long_feature_analysis_v1/06_short_long_feature_story.pdf",
      "sha256": "30ff15f4ed0f515bec2d296ea647da71110aa432212f4b6c38c0baf3945d204c"
    }
  },
  "input_scoring_evidence": [
    {
      "layer_index": 10,
      "k": 32,
      "marker_path": "/home/youyang7/projects/SAE_long_short/results/phase2_short_long_feature_analysis_v1/exploratory/feature_scores/layer_10_k_032/FEATURE_SCORING_COMPLETE",
      "marker_sha256": "c20bb06481718be149ba1238aeee68cba08af47b6575b074be26471bea013700",
      "summary_path": "/home/youyang7/projects/SAE_long_short/results/phase2_short_long_feature_analysis_v1/exploratory/feature_scores/layer_10_k_032/scoring_summary.json",
      "summary_sha256": "e3ea834611cb316367dfaa321743305e817b7f4cdbed6335a91a4533dd4eecc2"
    },
    {
      "layer_index": 10,
      "k": 64,
      "marker_path": "/home/youyang7/projects/SAE_long_short/results/phase2_short_long_feature_analysis_v1/exploratory/feature_scores/layer_10_k_064/FEATURE_SCORING_COMPLETE",
      "marker_sha256": "2beed99fe0b3fc5d33e49035d88fcc96549b81c74f48696f6ea937eac2527fb9",
      "summary_path": "/home/youyang7/projects/SAE_long_short/results/phase2_short_long_feature_analysis_v1/exploratory/feature_scores/layer_10_k_064/scoring_summary.json",
      "summary_sha256": "e8064f60c55959826cc08d0ff40e939624d99162c387572a6f317a1c522c5d89"
    },
    {
      "layer_index": 17,
      "k": 32,
      "marker_path": "/home/youyang7/projects/SAE_long_short/results/phase2_short_long_feature_analysis_v1/exploratory/feature_scores/layer_17_k_032/FEATURE_SCORING_COMPLETE",
      "marker_sha256": "a25fc1a97583ae9e8b21264e49ac131000195607f8400a44f545e0518d8cf8cf",
      "summary_path": "/home/youyang7/projects/SAE_long_short/results/phase2_short_long_feature_analysis_v1/exploratory/feature_scores/layer_17_k_032/scoring_summary.json",
      "summary_sha256": "5f293e78426a1b8b552bb8372dca3a0545c963f222cff4d099d586891a9a66b1"
    },
    {
      "layer_index": 17,
      "k": 64,
      "marker_path": "/home/youyang7/projects/SAE_long_short/results/phase2_short_long_feature_analysis_v1/exploratory/feature_scores/layer_17_k_064/FEATURE_SCORING_COMPLETE",
      "marker_sha256": "c352ee5d12752178b557b5f513b065073a03adb91ee691045fc16c4f9a343d22",
      "summary_path": "/home/youyang7/projects/SAE_long_short/results/phase2_short_long_feature_analysis_v1/exploratory/feature_scores/layer_17_k_064/scoring_summary.json",
      "summary_sha256": "1d9c09abaf71a8527e473900f57933ec77484ae4a7501ebbd85046090e9642c5"
    },
    {
      "layer_index": 23,
      "k": 32,
      "marker_path": "/home/youyang7/projects/SAE_long_short/results/phase2_short_long_feature_analysis_v1/exploratory/feature_scores/layer_23_k_032/FEATURE_SCORING_COMPLETE",
      "marker_sha256": "36e718657db27be4d07e01ec07fae6f0fb89eb14483465a458712c64ee35546f",
      "summary_path": "/home/youyang7/projects/SAE_long_short/results/phase2_short_long_feature_analysis_v1/exploratory/feature_scores/layer_23_k_032/scoring_summary.json",
      "summary_sha256": "315ebddada7e4156a8a4b81b5fdb28947c54e0f7fb29a8785e216d6f8a3f20c1"
    },
    {
      "layer_index": 23,
      "k": 64,
      "marker_path": "/home/youyang7/projects/SAE_long_short/results/phase2_short_long_feature_analysis_v1/exploratory/feature_scores/layer_23_k_064/FEATURE_SCORING_COMPLETE",
      "marker_sha256": "3854fe2308a5fe4c3f8e0ee43b20d1bbbc91e8f2f68ab54ebeb40b77a2a2fbd3",
      "summary_path": "/home/youyang7/projects/SAE_long_short/results/phase2_short_long_feature_analysis_v1/exploratory/feature_scores/layer_23_k_064/scoring_summary.json",
      "summary_sha256": "46c8605d892483a2d196ab40e64448bc5f6fb3efd8e08e263bbdb1472f5a8e35"
    }
  ],
  "source_code_sha256": "691be851687c4ec519ce780678e092207aaa96e3c6c1b760fe6e4d3aa2669a0c",
  "formal_claim_allowed": false,
  "claim_boundary": "The analysis can identify reproducible short-associated and long-associated SAE features. It cannot establish student utility, semantic identity, or causal effects."
}
{
  "status": "passed",
  "experiment_name": "phase2_short_long_feature_analysis_v1",
  "config_hash": "59ea29a5d2179cf33bb7c45d2a0cf627f2f93b77d3ab0664e4df038e0fa89342",
  "config_path": "/home/youyang7/projects/SAE_long_short/results/phase2_short_long_feature_analysis_v1/exploratory/protocol/frozen_protocol.json",
  "config_sha256": "edebe5e825da81ad77d3495574c775c3b69b124fb0dbd7b52e0d59c6032c96b6",
  "expected_sae_count": 6,
  "validated_sae_count": 6,
  "score_runs": [
    {
      "layer_index": 10,
      "k": 32,
      "summary_path": "/home/youyang7/projects/SAE_long_short/results/phase2_short_long_feature_analysis_v1/exploratory/feature_scores/layer_10_k_032/scoring_summary.json",
      "summary_sha256": "e3ea834611cb316367dfaa321743305e817b7f4cdbed6335a91a4533dd4eecc2",
      "candidate_count": 24,
      "heldout_confirmed_count": 16
    },
    {
      "layer_index": 10,
      "k": 64,
      "summary_path": "/home/youyang7/projects/SAE_long_short/results/phase2_short_long_feature_analysis_v1/exploratory/feature_scores/layer_10_k_064/scoring_summary.json",
      "summary_sha256": "e8064f60c55959826cc08d0ff40e939624d99162c387572a6f317a1c522c5d89",
      "candidate_count": 24,
      "heldout_confirmed_count": 12
    },
    {
      "layer_index": 17,
      "k": 32,
      "summary_path": "/home/youyang7/projects/SAE_long_short/results/phase2_short_long_feature_analysis_v1/exploratory/feature_scores/layer_17_k_032/scoring_summary.json",
      "summary_sha256": "5f293e78426a1b8b552bb8372dca3a0545c963f222cff4d099d586891a9a66b1",
      "candidate_count": 24,
      "heldout_confirmed_count": 9
    },
    {
      "layer_index": 17,
      "k": 64,
      "summary_path": "/home/youyang7/projects/SAE_long_short/results/phase2_short_long_feature_analysis_v1/exploratory/feature_scores/layer_17_k_064/scoring_summary.json",
      "summary_sha256": "1d9c09abaf71a8527e473900f57933ec77484ae4a7501ebbd85046090e9642c5",
      "candidate_count": 24,
      "heldout_confirmed_count": 13
    },
    {
      "layer_index": 23,
      "k": 32,
      "summary_path": "/home/youyang7/projects/SAE_long_short/results/phase2_short_long_feature_analysis_v1/exploratory/feature_scores/layer_23_k_032/scoring_summary.json",
      "summary_sha256": "315ebddada7e4156a8a4b81b5fdb28947c54e0f7fb29a8785e216d6f8a3f20c1",
      "candidate_count": 24,
      "heldout_confirmed_count": 4
    },
    {
      "layer_index": 23,
      "k": 64,
      "summary_path": "/home/youyang7/projects/SAE_long_short/results/phase2_short_long_feature_analysis_v1/exploratory/feature_scores/layer_23_k_064/scoring_summary.json",
      "summary_sha256": "46c8605d892483a2d196ab40e64448bc5f6fb3efd8e08e263bbdb1472f5a8e35",
      "candidate_count": 24,
      "heldout_confirmed_count": 12
    }
  ],
  "analysis_evidence": {
    "summary_path": "/home/youyang7/projects/SAE_long_short/results/phase2_short_long_feature_analysis_v1/exploratory/analysis/analysis_summary.json",
    "summary_sha256": "a0298ca7d25c62e93c5c0170f9c9ff12bbd0384adf4c305e0da7bf0e47be582a",
    "report_path": "/home/youyang7/projects/SAE_long_short/results/phase2_short_long_feature_analysis_v1/exploratory/analysis/analysis_report.md",
    "required_figure_count": 6
  },
  "errors": [],
  "formal_claim_allowed": false,
  "claim_boundary": "The analysis can identify reproducible short-associated and long-associated SAE features. It cannot establish student utility, semantic identity, or causal effects.",
  "source_code_sha256": "c008f0ba4c363c657312749c47c4e1779a13a9c8fc2c2daa9bd5cd33d9ee0eed"
}
