{
  "status": "complete",
  "experiment_name": "phase2_sae_sampling_ablation_v1",
  "condition": "prefix64_trace_balanced",
  "config_hash": "2e2b8298b66b09f2fbff86c2e24e338b7efff6d6dd326614e7cfeb30555dc4b9",
  "config_path": "/home/youyang7/projects/SAE_long_short/results/phase2_sae_sampling_ablation_v1/exploratory/protocol/frozen_protocol.json",
  "config_sha256": "8eaec56bc2e09dfb96d44d0e49408f59571aec70846dd570ea992027fb39ddd4",
  "corpus_path": "/home/youyang7/projects/SAE_long_short/results/phase2_sae_pilot_v1/formal/corpus/mixed_trajectories.jsonl",
  "corpus_sha256": "a4643aa73cf13e26aa43f4bcbf41d5798cfd161cd5433338f0d48c1bff7ef6c8",
  "sampling_unit": "trace_then_position",
  "position_limit": 64,
  "layers": [
    {
      "layer_index": 17,
      "samples": [
        {
          "split": "train",
          "path": "/home/youyang7/projects/SAE_long_short/results/phase2_sae_sampling_ablation_v1/exploratory/token_samples/prefix64_trace_balanced/layer_17_train.safetensors",
          "sha256": "0696a5c6e7be89439583182700df6a3038b241a9465c671a7a5d9bebce8be9b0",
          "sampled_tokens": 250000,
          "available_tokens": 631808,
          "quota_summary": {
            "trace_count": 9872,
            "target_tokens": 250000,
            "selected_tokens": 250000,
            "quota_min": 25,
            "quota_max": 26,
            "quota_mean": 25.32414910858995,
            "available_position_min": 64,
            "available_position_max": 64,
            "position_limit": 64
          }
        },
        {
          "split": "dev",
          "path": "/home/youyang7/projects/SAE_long_short/results/phase2_sae_sampling_ablation_v1/exploratory/token_samples/prefix64_trace_balanced/layer_17_dev.safetensors",
          "sha256": "19fde316576f009f402470ba60fd902a1729de8104838e57b12a545eb47a237c",
          "sampled_tokens": 50000,
          "available_tokens": 135168,
          "quota_summary": {
            "trace_count": 2112,
            "target_tokens": 50000,
            "selected_tokens": 50000,
            "quota_min": 23,
            "quota_max": 24,
            "quota_mean": 23.674242424242426,
            "available_position_min": 64,
            "available_position_max": 64,
            "position_limit": 64
          }
        },
        {
          "split": "test",
          "path": "/home/youyang7/projects/SAE_long_short/results/phase2_sae_sampling_ablation_v1/exploratory/token_samples/prefix64_trace_balanced/layer_17_test.safetensors",
          "sha256": "9b7691f7954456f0948308c380e0ae4b71367e742dcb09ac2cf89b983c720944",
          "sampled_tokens": 50000,
          "available_tokens": 135168,
          "quota_summary": {
            "trace_count": 2112,
            "target_tokens": 50000,
            "selected_tokens": 50000,
            "quota_min": 23,
            "quota_max": 24,
            "quota_mean": 23.674242424242426,
            "available_position_min": 64,
            "available_position_max": 64,
            "position_limit": 64
          }
        }
      ],
      "normalizer_path": "/home/youyang7/projects/SAE_long_short/results/phase2_sae_sampling_ablation_v1/exploratory/token_samples/prefix64_trace_balanced/layer_17_normalizer.safetensors",
      "normalizer_sha256": "c6514f9cef9955a6fa3b13a3f85c2017da80e81115dec7e736126400b901e8ff",
      "normalization": {
        "expected_centered_squared_norm": 3109.380408,
        "scale": 1.0736112594604492
      },
      "source_chunks": [
        {
          "path": "/home/youyang7/projects/SAE_long_short/results/phase2_sae_pilot_v1/formal/activations/shard_00_of_03/layer_17/chunk_00000.safetensors",
          "registered_sha256": "a6a73f77b8eb65c73024733f25b231797618b3f7409520a00052c3fc550b82fe"
        },
        {
          "path": "/home/youyang7/projects/SAE_long_short/results/phase2_sae_pilot_v1/formal/activations/shard_00_of_03/layer_17/chunk_00001.safetensors",
          "registered_sha256": "8a070ae0dd0e47ea21549277dfbd5a64847d0de0de14b6318c50cd8b6bc5f255"
        },
        {
          "path": "/home/youyang7/projects/SAE_long_short/results/phase2_sae_pilot_v1/formal/activations/shard_00_of_03/layer_17/chunk_00002.safetensors",
          "registered_sha256": "a7adf1e29e067d8031970cb10f3cc28b4a66f5d4c16346300cef90c1a223a9e0"
        },
        {
          "path": "/home/youyang7/projects/SAE_long_short/results/phase2_sae_pilot_v1/formal/activations/shard_00_of_03/layer_17/chunk_00003.safetensors",
          "registered_sha256": "cfac6a342637d7ed455b1e982d20dd5414c3dee38818f6fb9b8912d08bca14e1"
        },
        {
          "path": "/home/youyang7/projects/SAE_long_short/results/phase2_sae_pilot_v1/formal/activations/shard_00_of_03/layer_17/chunk_00004.safetensors",
          "registered_sha256": "21cec2dff7d1e19c08467b0fa923b9f826db6a8cc719146ce0d16747258a5631"
        },
        {
          "path": "/home/youyang7/projects/SAE_long_short/results/phase2_sae_pilot_v1/formal/activations/shard_00_of_03/layer_17/chunk_00005.safetensors",
          "registered_sha256": "6c1e4e6514ee27ed520b35d0ab939779bea7f6347e8cf2151c18f45132dcbe85"
        },
        {
          "path": "/home/youyang7/projects/SAE_long_short/results/phase2_sae_pilot_v1/formal/activations/shard_00_of_03/layer_17/chunk_00006.safetensors",
          "registered_sha256": "0d5587fdc9a209ed4cc5f95744a8115cbdd8e8dec11393fe00dcea32122e1378"
        },
        {
          "path": "/home/youyang7/projects/SAE_long_short/results/phase2_sae_pilot_v1/formal/activations/shard_00_of_03/layer_17/chunk_00007.safetensors",
          "registered_sha256": "261eaaaa8073bf921059a645b4f23de64fdb568ec1df70e2a6dfade5f737a43f"
        },
        {
          "path": "/home/youyang7/projects/SAE_long_short/results/phase2_sae_pilot_v1/formal/activations/shard_00_of_03/layer_17/chunk_00008.safetensors",
          "registered_sha256": "241ef02b708d0d6310ab1e1d51733c88114018889800b4df7a9ae5e3657b215e"
        },
        {
          "path": "/home/youyang7/projects/SAE_long_short/results/phase2_sae_pilot_v1/formal/activations/shard_00_of_03/layer_17/chunk_00009.safetensors",
          "registered_sha256": "d637caea99d122c83c3ecf4270d4169cc0421758e84b1466d84fce9e88a3ddeb"
        },
        {
          "path": "/home/youyang7/projects/SAE_long_short/results/phase2_sae_pilot_v1/formal/activations/shard_00_of_03/layer_17/chunk_00010.safetensors",
          "registered_sha256": "6404e6f0cd78d7aab10a7e504baca0f421b135fde635c9828dbc4de98d04fe4a"
        },
        {
          "path": "/home/youyang7/projects/SAE_long_short/results/phase2_sae_pilot_v1/formal/activations/shard_00_of_03/layer_17/chunk_00011.safetensors",
          "registered_sha256": "3fb84b5346736c833cffcb91f7168d229d4c401a6d7c84a53c3e64a03f8877f0"
        },
        {
          "path": "/home/youyang7/projects/SAE_long_short/results/phase2_sae_pilot_v1/formal/activations/shard_00_of_03/layer_17/chunk_00012.safetensors",
          "registered_sha256": "2a8b9b66747113a4a7e307d2cee2418e3fe3357a132a701663b9c52bc42be044"
        },
        {
          "path": "/home/youyang7/projects/SAE_long_short/results/phase2_sae_pilot_v1/formal/activations/shard_00_of_03/layer_17/chunk_00013.safetensors",
          "registered_sha256": "02250e4b0be1455574c087e520f55e9ae8b3b6f6a24a853a1c09e1ba86ec4790"
        },
        {
          "path": "/home/youyang7/projects/SAE_long_short/results/phase2_sae_pilot_v1/formal/activations/shard_00_of_03/layer_17/chunk_00014.safetensors",
          "registered_sha256": "067fe79b78028439827e54b155ad59fc24882da3c2fde827055fe3dffdafa16c"
        },
        {
          "path": "/home/youyang7/projects/SAE_long_short/results/phase2_sae_pilot_v1/formal/activations/shard_00_of_03/layer_17/chunk_00015.safetensors",
          "registered_sha256": "8cbcbc7785e9bee196fc29252afa18bdd4a6c0fb3b85593c88dc96c67bac85b3"
        },
        {
          "path": "/home/youyang7/projects/SAE_long_short/results/phase2_sae_pilot_v1/formal/activations/shard_00_of_03/layer_17/chunk_00016.safetensors",
          "registered_sha256": "e390de1ced7e8acd5efc75793a2aa9cca5e31c31bdb4267a8eb748cc1ee2f882"
        },
        {
          "path": "/home/youyang7/projects/SAE_long_short/results/phase2_sae_pilot_v1/formal/activations/shard_00_of_03/layer_17/chunk_00017.safetensors",
          "registered_sha256": "381bad189312549aa11a0391aef545af8d85029f2739b690521db4f8f5dee3f4"
        },
        {
          "path": "/home/youyang7/projects/SAE_long_short/results/phase2_sae_pilot_v1/formal/activations/shard_00_of_03/layer_17/chunk_00018.safetensors",
          "registered_sha256": "2cace5b25b90cbedeaaef5a2731ec9efa940775ad252792f0d1003ae7f4d980d"
        },
        {
          "path": "/home/youyang7/projects/SAE_long_short/results/phase2_sae_pilot_v1/formal/activations/shard_00_of_03/layer_17/chunk_00019.safetensors",
          "registered_sha256": "94be4c13ce8345ec040e6d3b6695fd813f0c54894f0d2fe8cb49619c65d0b916"
        },
        {
          "path": "/home/youyang7/projects/SAE_long_short/results/phase2_sae_pilot_v1/formal/activations/shard_00_of_03/layer_17/chunk_00020.safetensors",
          "registered_sha256": "1724d4de55f0117a06c5c95b796c72335deb7096e23d54c8ee2878034e8a3441"
        },
        {
          "path": "/home/youyang7/projects/SAE_long_short/results/phase2_sae_pilot_v1/formal/activations/shard_00_of_03/layer_17/chunk_00021.safetensors",
          "registered_sha256": "5c83e32f2670cbde38f3baecd4e9be2cb23639e79cd2105862e4573b35645e6b"
        },
        {
          "path": "/home/youyang7/projects/SAE_long_short/results/phase2_sae_pilot_v1/formal/activations/shard_00_of_03/layer_17/chunk_00022.safetensors",
          "registered_sha256": "33c144e205004d8cac1766a8c9fc8a69aab5e25e17ccadcaf6102e6ae13bb403"
        },
        {
          "path": "/home/youyang7/projects/SAE_long_short/results/phase2_sae_pilot_v1/formal/activations/shard_00_of_03/layer_17/chunk_00023.safetensors",
          "registered_sha256": "4d437bc401a2c3030bdcaf98bfd338a441d491452d42b0fa4e71312e0360d00d"
        },
        {
          "path": "/home/youyang7/projects/SAE_long_short/results/phase2_sae_pilot_v1/formal/activations/shard_00_of_03/layer_17/chunk_00024.safetensors",
          "registered_sha256": "85307df927beafa4498fce4227ec7f2af19d0dfd92a152673efc81540a59e854"
        },
        {
          "path": "/home/youyang7/projects/SAE_long_short/results/phase2_sae_pilot_v1/formal/activations/shard_00_of_03/layer_17/chunk_00025.safetensors",
          "registered_sha256": "ab319e27033aa2cae3b465cc744211887990905711cf539323a2f15ed08de89f"
        },
        {
          "path": "/home/youyang7/projects/SAE_long_short/results/phase2_sae_pilot_v1/formal/activations/shard_00_of_03/layer_17/chunk_00026.safetensors",
          "registered_sha256": "c53380ff5c61da59b5a74ab64f3247bab17e5307c34d04887b183830bb3d4da5"
        },
        {
          "path": "/home/youyang7/projects/SAE_long_short/results/phase2_sae_pilot_v1/formal/activations/shard_00_of_03/layer_17/chunk_00027.safetensors",
          "registered_sha256": "1f898cd7f14d90b675259cb881c8047ec6ee720443f5e3e3579b2501fc261c26"
        },
        {
          "path": "/home/youyang7/projects/SAE_long_short/results/phase2_sae_pilot_v1/formal/activations/shard_00_of_03/layer_17/chunk_00028.safetensors",
          "registered_sha256": "3802dc2487c68a4a1011ff4be54c26677cb31ac879ac225ace781b245cd19759"
        },
        {
          "path": "/home/youyang7/projects/SAE_long_short/results/phase2_sae_pilot_v1/formal/activations/shard_00_of_03/layer_17/chunk_00029.safetensors",
          "registered_sha256": "a5dcc2e0a322e07ea2190834f988620d80b6fbccd73832db241195bac90d1d8c"
        },
        {
          "path": "/home/youyang7/projects/SAE_long_short/results/phase2_sae_pilot_v1/formal/activations/shard_00_of_03/layer_17/chunk_00030.safetensors",
          "registered_sha256": "28e6ec7b3146fb4d94f23bd3f0223bd20239a99ec7f65e898bc415f79d4e4e22"
        },
        {
          "path": "/home/youyang7/projects/SAE_long_short/results/phase2_sae_pilot_v1/formal/activations/shard_00_of_03/layer_17/chunk_00031.safetensors",
          "registered_sha256": "d63b6a00ee4465d433ed357d26e26961625bf5b16f2c5159026def3619da2845"
        },
        {
          "path": "/home/youyang7/projects/SAE_long_short/results/phase2_sae_pilot_v1/formal/activations/shard_00_of_03/layer_17/chunk_00032.safetensors",
          "registered_sha256": "d1012dc1360e2f6dc4ee357555486f1af60702f59e56eddafcb0280989f08ba1"
        },
        {
          "path": "/home/youyang7/projects/SAE_long_short/results/phase2_sae_pilot_v1/formal/activations/shard_00_of_03/layer_17/chunk_00033.safetensors",
          "registered_sha256": "c8c2137c1562a4dd8cb3cd0904252d5ab445e68973881401b94389fb50710305"
        },
        {
          "path": "/home/youyang7/projects/SAE_long_short/results/phase2_sae_pilot_v1/formal/activations/shard_00_of_03/layer_17/chunk_00034.safetensors",
          "registered_sha256": "7e0a7e28a8d4a0ecdc70724cdc79d0396de3d19bbbeb21308ae56e46ca913372"
        },
        {
          "path": "/home/youyang7/projects/SAE_long_short/results/phase2_sae_pilot_v1/formal/activations/shard_00_of_03/layer_17/chunk_00035.safetensors",
          "registered_sha256": "9b054aabbfb5486763927628ec763fbc6104dc6ca9d75d123768c2fc9dc8c425"
        },
        {
          "path": "/home/youyang7/projects/SAE_long_short/results/phase2_sae_pilot_v1/formal/activations/shard_01_of_03/layer_17/chunk_00000.safetensors",
          "registered_sha256": "539bea0da957039d44a1693f218a30d8abd86d7d90f3040d46882cc18bc978d2"
        },
        {
          "path": "/home/youyang7/projects/SAE_long_short/results/phase2_sae_pilot_v1/formal/activations/shard_01_of_03/layer_17/chunk_00001.safetensors",
          "registered_sha256": "6a0b84c4ca21775bc09a811e71c084a62fce3ab76876cee41f0192707a62c4f7"
        },
        {
          "path": "/home/youyang7/projects/SAE_long_short/results/phase2_sae_pilot_v1/formal/activations/shard_01_of_03/layer_17/chunk_00002.safetensors",
          "registered_sha256": "12e58adaf390f2dfde12ba01e977200872187c31efdbcc316b868681fce5605f"
        },
        {
          "path": "/home/youyang7/projects/SAE_long_short/results/phase2_sae_pilot_v1/formal/activations/shard_01_of_03/layer_17/chunk_00003.safetensors",
          "registered_sha256": "1d7ae44a138a8b3c3a133a277f59662f59c6913bcbf2a7743e2aec7cde6fdd60"
        },
        {
          "path": "/home/youyang7/projects/SAE_long_short/results/phase2_sae_pilot_v1/formal/activations/shard_01_of_03/layer_17/chunk_00004.safetensors",
          "registered_sha256": "7e9fdda4ffd0e801093765486f4f1bafca51c0f1912fdc36e0ae3d54fdf6a713"
        },
        {
          "path": "/home/youyang7/projects/SAE_long_short/results/phase2_sae_pilot_v1/formal/activations/shard_01_of_03/layer_17/chunk_00005.safetensors",
          "registered_sha256": "970c76f835f3f9f89c248e6829e4ff915310384896fe7f45340a2dfb1199ddbc"
        },
        {
          "path": "/home/youyang7/projects/SAE_long_short/results/phase2_sae_pilot_v1/formal/activations/shard_01_of_03/layer_17/chunk_00006.safetensors",
          "registered_sha256": "c3aa6d1a46d06305e54a6083484f73ec7c541942fa506e2b44b87f1c46e57c32"
        },
        {
          "path": "/home/youyang7/projects/SAE_long_short/results/phase2_sae_pilot_v1/formal/activations/shard_01_of_03/layer_17/chunk_00007.safetensors",
          "registered_sha256": "e0c158e7ea46c32194d04cc6dcf4be45fcd97c3e097c6913c6643ca7fbf9ff3d"
        },
        {
          "path": "/home/youyang7/projects/SAE_long_short/results/phase2_sae_pilot_v1/formal/activations/shard_01_of_03/layer_17/chunk_00008.safetensors",
          "registered_sha256": "5e38bdcf6f58134b2c62bbb6c09ffd96245c1d95428e23d9bb54545493022e8e"
        },
        {
          "path": "/home/youyang7/projects/SAE_long_short/results/phase2_sae_pilot_v1/formal/activations/shard_01_of_03/layer_17/chunk_00009.safetensors",
          "registered_sha256": "b82f6a191626bf763ff3e82130ab4f1ec7c2fa993caa51410695c4c7f6a47849"
        },
        {
          "path": "/home/youyang7/projects/SAE_long_short/results/phase2_sae_pilot_v1/formal/activations/shard_01_of_03/layer_17/chunk_00010.safetensors",
          "registered_sha256": "52f8e976af499c31ebd328ae6f67cc748c19d7ae0faed772d5402407b4a9949f"
        },
        {
          "path": "/home/youyang7/projects/SAE_long_short/results/phase2_sae_pilot_v1/formal/activations/shard_01_of_03/layer_17/chunk_00011.safetensors",
          "registered_sha256": "20ec2827d48cd40b98c8880dd9e6037d44025989dd565ef3350148b5fd62710a"
        },
        {
          "path": "/home/youyang7/projects/SAE_long_short/results/phase2_sae_pilot_v1/formal/activations/shard_01_of_03/layer_17/chunk_00012.safetensors",
          "registered_sha256": "1addf4113216542fdf8327d3396e81aed0a661b02f6e1447428f4fd7abd14587"
        },
        {
          "path": "/home/youyang7/projects/SAE_long_short/results/phase2_sae_pilot_v1/formal/activations/shard_01_of_03/layer_17/chunk_00013.safetensors",
          "registered_sha256": "e15e81dcc5e051f157f874ca52d9de83989ad0c77c443f8548a2a86fd618bdb6"
        },
        {
          "path": "/home/youyang7/projects/SAE_long_short/results/phase2_sae_pilot_v1/formal/activations/shard_01_of_03/layer_17/chunk_00014.safetensors",
          "registered_sha256": "ea7263d08c80d5c24eca6555d14d0bd58b34754b8d5fd3bee2edd54cab7bf835"
        },
        {
          "path": "/home/youyang7/projects/SAE_long_short/results/phase2_sae_pilot_v1/formal/activations/shard_01_of_03/layer_17/chunk_00015.safetensors",
          "registered_sha256": "ae715b1bfa4e6e487988f6c4f04993a74511f1b78c505485346753e588ede59c"
        },
        {
          "path": "/home/youyang7/projects/SAE_long_short/results/phase2_sae_pilot_v1/formal/activations/shard_01_of_03/layer_17/chunk_00016.safetensors",
          "registered_sha256": "44755349acc5ff743d277c4389d31be91dd326a147f312728cc5c0973309ff8b"
        },
        {
          "path": "/home/youyang7/projects/SAE_long_short/results/phase2_sae_pilot_v1/formal/activations/shard_01_of_03/layer_17/chunk_00017.safetensors",
          "registered_sha256": "d3498ada705b1b6a0929dac50667371d88830ce8ef8d1af40f89c55ca75a7c4c"
        },
        {
          "path": "/home/youyang7/projects/SAE_long_short/results/phase2_sae_pilot_v1/formal/activations/shard_01_of_03/layer_17/chunk_00018.safetensors",
          "registered_sha256": "34ffb67459f8574bb7c2d6beedace3f467ec666e2c69ca9825b078ce06b97d28"
        },
        {
          "path": "/home/youyang7/projects/SAE_long_short/results/phase2_sae_pilot_v1/formal/activations/shard_01_of_03/layer_17/chunk_00019.safetensors",
          "registered_sha256": "1b179d8ec3ec7616078b491da98c34b52880fecfb6138139de2b6edd45c449c2"
        },
        {
          "path": "/home/youyang7/projects/SAE_long_short/results/phase2_sae_pilot_v1/formal/activations/shard_01_of_03/layer_17/chunk_00020.safetensors",
          "registered_sha256": "8e8f3273dbd34552bfcc37d106a683e3232e4719275b3ebdb39a0fdb7c426ea0"
        },
        {
          "path": "/home/youyang7/projects/SAE_long_short/results/phase2_sae_pilot_v1/formal/activations/shard_01_of_03/layer_17/chunk_00021.safetensors",
          "registered_sha256": "2746f6549614c450fb7990115e3104501705085400f3ef8740241617d2cae696"
        },
        {
          "path": "/home/youyang7/projects/SAE_long_short/results/phase2_sae_pilot_v1/formal/activations/shard_01_of_03/layer_17/chunk_00022.safetensors",
          "registered_sha256": "2f1b84004db6931f15fbeccd2c4d86bef3d6d77e5c472d82a80878cd6cce3362"
        },
        {
          "path": "/home/youyang7/projects/SAE_long_short/results/phase2_sae_pilot_v1/formal/activations/shard_01_of_03/layer_17/chunk_00023.safetensors",
          "registered_sha256": "ec0b706f51bfab74c4da94bd8dc579d572d0c22d7d884379ff3e0a86c28102ae"
        },
        {
          "path": "/home/youyang7/projects/SAE_long_short/results/phase2_sae_pilot_v1/formal/activations/shard_01_of_03/layer_17/chunk_00024.safetensors",
          "registered_sha256": "0531d7a89333982252899a25848dd9f7b15cc5097f2413f0b77dbd726274e176"
        },
        {
          "path": "/home/youyang7/projects/SAE_long_short/results/phase2_sae_pilot_v1/formal/activations/shard_01_of_03/layer_17/chunk_00025.safetensors",
          "registered_sha256": "acc5f90f65c0225d46de4f8aaf5eaae2122e55c8c949c9a7c6f6037d810312b8"
        },
        {
          "path": "/home/youyang7/projects/SAE_long_short/results/phase2_sae_pilot_v1/formal/activations/shard_01_of_03/layer_17/chunk_00026.safetensors",
          "registered_sha256": "5e47c08da6c9d2b5605b0800c6be53c90088ce98243d2ab19091c73989bfba2f"
        },
        {
          "path": "/home/youyang7/projects/SAE_long_short/results/phase2_sae_pilot_v1/formal/activations/shard_01_of_03/layer_17/chunk_00027.safetensors",
          "registered_sha256": "194a8ecfb490b35a014886ec1b17ec19caddd1a65b116431154a3ed80a4b14d0"
        },
        {
          "path": "/home/youyang7/projects/SAE_long_short/results/phase2_sae_pilot_v1/formal/activations/shard_01_of_03/layer_17/chunk_00028.safetensors",
          "registered_sha256": "6f786055c3f0f0792926676efdd68405534bf00ab93439157e4060d8f03a49fe"
        },
        {
          "path": "/home/youyang7/projects/SAE_long_short/results/phase2_sae_pilot_v1/formal/activations/shard_01_of_03/layer_17/chunk_00029.safetensors",
          "registered_sha256": "99053244e160b90de24d923b010f44350d8071f41f15c9481daa55fc1763d968"
        },
        {
          "path": "/home/youyang7/projects/SAE_long_short/results/phase2_sae_pilot_v1/formal/activations/shard_01_of_03/layer_17/chunk_00030.safetensors",
          "registered_sha256": "669630f869c7109a052bae8ffe74d710f061b812e9ad0358f2fd4e349ee225c9"
        },
        {
          "path": "/home/youyang7/projects/SAE_long_short/results/phase2_sae_pilot_v1/formal/activations/shard_01_of_03/layer_17/chunk_00031.safetensors",
          "registered_sha256": "b24da9c9e183da8655c428bac7441fc856f03e3dc4d28791c4f9c8aa4cfc5fef"
        },
        {
          "path": "/home/youyang7/projects/SAE_long_short/results/phase2_sae_pilot_v1/formal/activations/shard_01_of_03/layer_17/chunk_00032.safetensors",
          "registered_sha256": "f4ce4de72c74789762f0c5c172a7bd2b4baebcdcf303154e53ca5a6705d98ce6"
        },
        {
          "path": "/home/youyang7/projects/SAE_long_short/results/phase2_sae_pilot_v1/formal/activations/shard_01_of_03/layer_17/chunk_00033.safetensors",
          "registered_sha256": "913d6364bbbe7d9fa65e32bd7ccd7f07599e91c3b04eab41bcd7b30682fe3dfd"
        },
        {
          "path": "/home/youyang7/projects/SAE_long_short/results/phase2_sae_pilot_v1/formal/activations/shard_01_of_03/layer_17/chunk_00034.safetensors",
          "registered_sha256": "d981d48fb652246a0a7a941d8241274f8678fde6285f707e10e54c8923252275"
        },
        {
          "path": "/home/youyang7/projects/SAE_long_short/results/phase2_sae_pilot_v1/formal/activations/shard_01_of_03/layer_17/chunk_00035.safetensors",
          "registered_sha256": "6482bf704a85c7be42b15119153e32f9bad4a1eeb01718d0bae57b9991daa880"
        },
        {
          "path": "/home/youyang7/projects/SAE_long_short/results/phase2_sae_pilot_v1/formal/activations/shard_02_of_03/layer_17/chunk_00000.safetensors",
          "registered_sha256": "1e761c406eddb7198a87c7072525ba0f5e46bd32e53b607cb9bfaa897ce0534c"
        },
        {
          "path": "/home/youyang7/projects/SAE_long_short/results/phase2_sae_pilot_v1/formal/activations/shard_02_of_03/layer_17/chunk_00001.safetensors",
          "registered_sha256": "96477e47fbb98ada88f94e38eaff2dcf28bd0fe8a9c8f661fc419b87f401f36f"
        },
        {
          "path": "/home/youyang7/projects/SAE_long_short/results/phase2_sae_pilot_v1/formal/activations/shard_02_of_03/layer_17/chunk_00002.safetensors",
          "registered_sha256": "bedaf1f37ebb3c2561e5376e43555646b6f13d23501cee4cd969d02a1477adc8"
        },
        {
          "path": "/home/youyang7/projects/SAE_long_short/results/phase2_sae_pilot_v1/formal/activations/shard_02_of_03/layer_17/chunk_00003.safetensors",
          "registered_sha256": "a1fb95c4c4aa9a868592b7bcde937d1d92aa09427e9242f8d192eda79c9066cb"
        },
        {
          "path": "/home/youyang7/projects/SAE_long_short/results/phase2_sae_pilot_v1/formal/activations/shard_02_of_03/layer_17/chunk_00004.safetensors",
          "registered_sha256": "1cbef5b217ae7f6140706eb6ef6a1ab180c43fa1c6cc29f1bba954bd2e91bce0"
        },
        {
          "path": "/home/youyang7/projects/SAE_long_short/results/phase2_sae_pilot_v1/formal/activations/shard_02_of_03/layer_17/chunk_00005.safetensors",
          "registered_sha256": "a2cd134c28ad96d704188fad6a80860be08f369f68ae79506bb286628fd83127"
        },
        {
          "path": "/home/youyang7/projects/SAE_long_short/results/phase2_sae_pilot_v1/formal/activations/shard_02_of_03/layer_17/chunk_00006.safetensors",
          "registered_sha256": "daf091577cc5004dcc23bd36c4486ef401615f8822d7052bdb30c4dbaea5a705"
        },
        {
          "path": "/home/youyang7/projects/SAE_long_short/results/phase2_sae_pilot_v1/formal/activations/shard_02_of_03/layer_17/chunk_00007.safetensors",
          "registered_sha256": "621f972c6f60611b242098f4840f5b2c47f4a7864a08c38461ea8811169fc979"
        },
        {
          "path": "/home/youyang7/projects/SAE_long_short/results/phase2_sae_pilot_v1/formal/activations/shard_02_of_03/layer_17/chunk_00008.safetensors",
          "registered_sha256": "3c814ebc0f17c902f696441b3d0e743f8ee7ba7f00d5b442d762713ec7b0dcdd"
        },
        {
          "path": "/home/youyang7/projects/SAE_long_short/results/phase2_sae_pilot_v1/formal/activations/shard_02_of_03/layer_17/chunk_00009.safetensors",
          "registered_sha256": "fec0b2648e5d483d729474f3922d4bd13aa094a6a7b7797608bcdbf25f85b277"
        },
        {
          "path": "/home/youyang7/projects/SAE_long_short/results/phase2_sae_pilot_v1/formal/activations/shard_02_of_03/layer_17/chunk_00010.safetensors",
          "registered_sha256": "1da384d2a1961a773980ab5791ae92258b3193338ac1911b3b9270c743a5b654"
        },
        {
          "path": "/home/youyang7/projects/SAE_long_short/results/phase2_sae_pilot_v1/formal/activations/shard_02_of_03/layer_17/chunk_00011.safetensors",
          "registered_sha256": "5a04c0cc77fc1af979ff53601e42449145c3c46ddab129fe266e9eacb3d7f797"
        },
        {
          "path": "/home/youyang7/projects/SAE_long_short/results/phase2_sae_pilot_v1/formal/activations/shard_02_of_03/layer_17/chunk_00012.safetensors",
          "registered_sha256": "df37ab58c7fd6b5d94275559894a47947ae236892c472bbfb795334d963b5fd0"
        },
        {
          "path": "/home/youyang7/projects/SAE_long_short/results/phase2_sae_pilot_v1/formal/activations/shard_02_of_03/layer_17/chunk_00013.safetensors",
          "registered_sha256": "91d73bdd50e84a896551e97a9551b6bb6c3161b8990721cf108b4c755b67ec59"
        },
        {
          "path": "/home/youyang7/projects/SAE_long_short/results/phase2_sae_pilot_v1/formal/activations/shard_02_of_03/layer_17/chunk_00014.safetensors",
          "registered_sha256": "95c450c25a6a8458f9ff849537375b841dff0123e625c6a86fae9098ab219aed"
        },
        {
          "path": "/home/youyang7/projects/SAE_long_short/results/phase2_sae_pilot_v1/formal/activations/shard_02_of_03/layer_17/chunk_00015.safetensors",
          "registered_sha256": "566f5b8eb0ed545a003c2c6b8d39a22fd0db4e01df0452afe42ac2bb9f61a386"
        },
        {
          "path": "/home/youyang7/projects/SAE_long_short/results/phase2_sae_pilot_v1/formal/activations/shard_02_of_03/layer_17/chunk_00016.safetensors",
          "registered_sha256": "abb8a694983bc0dedf7928515cbb03432f4f07364b82c8517abd2486ef75b25a"
        },
        {
          "path": "/home/youyang7/projects/SAE_long_short/results/phase2_sae_pilot_v1/formal/activations/shard_02_of_03/layer_17/chunk_00017.safetensors",
          "registered_sha256": "09f254c6fd80addf124fc5d8fbaa33043ac9fe6925d2e771dbb04a96242f3559"
        },
        {
          "path": "/home/youyang7/projects/SAE_long_short/results/phase2_sae_pilot_v1/formal/activations/shard_02_of_03/layer_17/chunk_00018.safetensors",
          "registered_sha256": "2bbf99ca7ffacdfae31a4d1ad3828add74519bd059f8595d2633847f24f16f4f"
        },
        {
          "path": "/home/youyang7/projects/SAE_long_short/results/phase2_sae_pilot_v1/formal/activations/shard_02_of_03/layer_17/chunk_00019.safetensors",
          "registered_sha256": "a071870c5f3a98fe32136baa0fc8aea2e987f4c3d6b1ca3caf5a88be0e7167a9"
        },
        {
          "path": "/home/youyang7/projects/SAE_long_short/results/phase2_sae_pilot_v1/formal/activations/shard_02_of_03/layer_17/chunk_00020.safetensors",
          "registered_sha256": "46b46781ec202656e049c4ee123203dd77da0cbea418a0a3f0af348b9bc0f39d"
        },
        {
          "path": "/home/youyang7/projects/SAE_long_short/results/phase2_sae_pilot_v1/formal/activations/shard_02_of_03/layer_17/chunk_00021.safetensors",
          "registered_sha256": "d9c1bd41aeb4a26928446251ce1c6d9d924d4f63c6db58854a8dc8309f3e9e4d"
        },
        {
          "path": "/home/youyang7/projects/SAE_long_short/results/phase2_sae_pilot_v1/formal/activations/shard_02_of_03/layer_17/chunk_00022.safetensors",
          "registered_sha256": "7e6aeb223688d7c994cc185fafe313b3e5caa73adceaf2043adebd025d4d695e"
        },
        {
          "path": "/home/youyang7/projects/SAE_long_short/results/phase2_sae_pilot_v1/formal/activations/shard_02_of_03/layer_17/chunk_00023.safetensors",
          "registered_sha256": "c97803694344b3d84ce35b4753b4b37978a2c932f6c4a5af952798c9f07f2787"
        },
        {
          "path": "/home/youyang7/projects/SAE_long_short/results/phase2_sae_pilot_v1/formal/activations/shard_02_of_03/layer_17/chunk_00024.safetensors",
          "registered_sha256": "5152125a4cf3adc9e52bcd8eef41bd7598ed8f711604df89bb765ffb49e0874a"
        },
        {
          "path": "/home/youyang7/projects/SAE_long_short/results/phase2_sae_pilot_v1/formal/activations/shard_02_of_03/layer_17/chunk_00025.safetensors",
          "registered_sha256": "6d44a79f4977d21d0455a792e8ed83f93f9197c3ac4ddab74ee4d631cd681240"
        },
        {
          "path": "/home/youyang7/projects/SAE_long_short/results/phase2_sae_pilot_v1/formal/activations/shard_02_of_03/layer_17/chunk_00026.safetensors",
          "registered_sha256": "30717d0ee1df6a694bdc501971677f71eec26fcae06dcf76ab42a577bafc19d5"
        },
        {
          "path": "/home/youyang7/projects/SAE_long_short/results/phase2_sae_pilot_v1/formal/activations/shard_02_of_03/layer_17/chunk_00027.safetensors",
          "registered_sha256": "cbe3cf750a1827edd44ae82e1064025370bcfe89fc6999aa60d4d93fd0339db4"
        },
        {
          "path": "/home/youyang7/projects/SAE_long_short/results/phase2_sae_pilot_v1/formal/activations/shard_02_of_03/layer_17/chunk_00028.safetensors",
          "registered_sha256": "26616799c04364f8ed99b5e5ddb1c3fa114553ee13944f3b8165a1845c8285a9"
        },
        {
          "path": "/home/youyang7/projects/SAE_long_short/results/phase2_sae_pilot_v1/formal/activations/shard_02_of_03/layer_17/chunk_00029.safetensors",
          "registered_sha256": "43f7105b566024fb0ec85357f8ae9183a0b36c137b6b92a4204534f209e4d905"
        },
        {
          "path": "/home/youyang7/projects/SAE_long_short/results/phase2_sae_pilot_v1/formal/activations/shard_02_of_03/layer_17/chunk_00030.safetensors",
          "registered_sha256": "59a035c16e84abe5afe97c852046ea41a1865ce1ecfb7a43776cf5c524f2958e"
        },
        {
          "path": "/home/youyang7/projects/SAE_long_short/results/phase2_sae_pilot_v1/formal/activations/shard_02_of_03/layer_17/chunk_00031.safetensors",
          "registered_sha256": "377cc9a342774bf26891190ea9268356c9653f585039772ebbfb3aa5b25664e9"
        },
        {
          "path": "/home/youyang7/projects/SAE_long_short/results/phase2_sae_pilot_v1/formal/activations/shard_02_of_03/layer_17/chunk_00032.safetensors",
          "registered_sha256": "39351e5f81857b690560147991db1e6e81261d9a821dfdb5cb4f1292780e087d"
        },
        {
          "path": "/home/youyang7/projects/SAE_long_short/results/phase2_sae_pilot_v1/formal/activations/shard_02_of_03/layer_17/chunk_00033.safetensors",
          "registered_sha256": "57a4602a3103dad911c0751a64953d09533d65dea40eaaf0d136ca3c0dd80a62"
        },
        {
          "path": "/home/youyang7/projects/SAE_long_short/results/phase2_sae_pilot_v1/formal/activations/shard_02_of_03/layer_17/chunk_00034.safetensors",
          "registered_sha256": "3b71270144c3f7983dd46e664f4d720b157d9a42ad0bec8f504702503e9541e3"
        },
        {
          "path": "/home/youyang7/projects/SAE_long_short/results/phase2_sae_pilot_v1/formal/activations/shard_02_of_03/layer_17/chunk_00035.safetensors",
          "registered_sha256": "23110f91e60f7be4e68136c8f6a1a3063b7f12250e650d17d01d7762fdf6ae28"
        }
      ]
    }
  ],
  "source_activation_manifests": [
    {
      "path": "/home/youyang7/projects/SAE_long_short/results/phase2_sae_pilot_v1/formal/activations/shard_00_of_03/activation_manifest.json",
      "sha256": "fe3f3f029716b87b1ac12ca6180bb9d6fad34594322758e216eca7fde1dd223d"
    },
    {
      "path": "/home/youyang7/projects/SAE_long_short/results/phase2_sae_pilot_v1/formal/activations/shard_01_of_03/activation_manifest.json",
      "sha256": "0fa693411fb61083a94a111daffdffbf4c6e3e8fdca1f2da241490105c2250d5"
    },
    {
      "path": "/home/youyang7/projects/SAE_long_short/results/phase2_sae_pilot_v1/formal/activations/shard_02_of_03/activation_manifest.json",
      "sha256": "05572eaf94434f7609bbcc569d854f18a80912a589802cda48ab82119d4f364a"
    }
  ],
  "source_code_sha256": "f46a8b55869074e3ee00050e3300dc3386fdaee8d7f71ff86b8e469d151c8fd2",
  "library_code_sha256": "dce38591eadf665b92b29408d113978753bd2ec88a35b9c6ec3353679197452a",
  "formal_claim_allowed": false
}
