Waiting for memory capacity without interference: eligible=4/1.
0, 17055 MiB, 31485 MiB, 100 %
1, 17055 MiB, 31485 MiB, 100 %
2, 1296 MiB, 47245 MiB, 45 %
3, 1296 MiB, 47245 MiB, 43 %
Selected stable memory-fit GPUs on c31: 0 1 2 3
{"step": 1, "train_loss": 0.8497587442398071, "train_reconstruction_loss": 0.8497587442398071, "train_auxiliary_loss": 0.0, "gradient_norm": 0.05596303939819336, "learning_rate": 2.9999999999999997e-06, "dev_mse": 0.8540189556012835, "dev_explained_variance": 0.1456235399873137, "dev_mean_l0": 64.0, "dev_dead_feature_fraction": 0.0, "elapsed_seconds": 13.08127498626709}
{"step": 100, "train_loss": 0.4778085947036743, "train_reconstruction_loss": 0.4778085947036743, "train_auxiliary_loss": 0.0, "gradient_norm": 0.053647492080926895, "learning_rate": 0.0003, "dev_mse": 0.49947926722935265, "dev_explained_variance": 0.5003116436863038, "dev_mean_l0": 64.0, "dev_dead_feature_fraction": 0.00034877232974395156, "elapsed_seconds": 41.038310050964355}
{"step": 200, "train_loss": 0.3659764230251312, "train_reconstruction_loss": 0.3659764230251312, "train_auxiliary_loss": 0.0, "gradient_norm": 0.047273024916648865, "learning_rate": 0.0002962391868272735, "dev_mse": 0.3718176425170898, "dev_explained_variance": 0.6280267093599201, "dev_mean_l0": 64.0, "dev_dead_feature_fraction": 0.0, "elapsed_seconds": 69.2833981513977}
{"step": 300, "train_loss": 0.32060131430625916, "train_reconstruction_loss": 0.32060131430625916, "train_auxiliary_loss": 0.0, "gradient_norm": 0.04498230293393135, "learning_rate": 0.0002851453301853628, "dev_mse": 0.3226372974940709, "dev_explained_variance": 0.6772276419708196, "dev_mean_l0": 64.0, "dev_dead_feature_fraction": 0.0, "elapsed_seconds": 97.35575604438782}
{"step": 400, "train_loss": 0.2925976514816284, "train_reconstruction_loss": 0.2925976514816284, "train_auxiliary_loss": 0.0, "gradient_norm": 0.04269324243068695, "learning_rate": 0.00026727472237020447, "dev_mse": 0.29418148018973217, "dev_explained_variance": 0.7056953712826726, "dev_mean_l0": 64.0, "dev_dead_feature_fraction": 0.0, "elapsed_seconds": 124.9534432888031}
{"step": 500, "train_loss": 0.2486993968486786, "train_reconstruction_loss": 0.2486993968486786, "train_auxiliary_loss": 0.0, "gradient_norm": 0.03902798518538475, "learning_rate": 0.00024352347027881003, "dev_mse": 0.27459140123639786, "dev_explained_variance": 0.7252936509200778, "dev_mean_l0": 64.0, "dev_dead_feature_fraction": 3.487723370199092e-05, "elapsed_seconds": 153.19025826454163}
{"step": 600, "train_loss": 0.25936776399612427, "train_reconstruction_loss": 0.25936776399612427, "train_auxiliary_loss": 0.0, "gradient_norm": 0.039536651223897934, "learning_rate": 0.00021508256086763368, "dev_mse": 0.2597529581560407, "dev_explained_variance": 0.7401383055825371, "dev_mean_l0": 64.0, "dev_dead_feature_fraction": 6.975446740398183e-05, "elapsed_seconds": 181.73796486854553}
{"step": 700, "train_loss": 0.22153398394584656, "train_reconstruction_loss": 0.22153398394584656, "train_auxiliary_loss": 0.0, "gradient_norm": 0.036378879100084305, "learning_rate": 0.00018337814009344714, "dev_mse": 0.24857825256347657, "dev_explained_variance": 0.7513176890648826, "dev_mean_l0": 64.0, "dev_dead_feature_fraction": 0.00010463169746799394, "elapsed_seconds": 209.893230676651}
{"step": 800, "train_loss": 0.2174965739250183, "train_reconstruction_loss": 0.2174965739250183, "train_auxiliary_loss": 0.0, "gradient_norm": 0.03459767997264862, "learning_rate": 0.00015, "dev_mse": 0.23987939357212612, "dev_explained_variance": 0.7600201895216165, "dev_mean_l0": 64.0, "dev_dead_feature_fraction": 0.0002092633949359879, "elapsed_seconds": 237.7095010280609}
{"step": 900, "train_loss": 0.21130995452404022, "train_reconstruction_loss": 0.21130995452404022, "train_auxiliary_loss": 0.0, "gradient_norm": 0.034895479679107666, "learning_rate": 0.00011662185990655284, "dev_mse": 0.2334053329031808, "dev_explained_variance": 0.7664969603239068, "dev_mean_l0": 64.0, "dev_dead_feature_fraction": 0.00045340400538407266, "elapsed_seconds": 265.815789937973}
{"step": 1000, "train_loss": 0.22939704358577728, "train_reconstruction_loss": 0.19814689457416534, "train_auxiliary_loss": 1.0000046491622925, "gradient_norm": 0.033604398369789124, "learning_rate": 8.491743913236628e-05, "dev_mse": 0.22876259094238283, "dev_explained_variance": 0.7711416458021421, "dev_mean_l0": 64.0, "dev_dead_feature_fraction": 0.0006626673857681453, "elapsed_seconds": 293.96368646621704}
{"step": 1100, "train_loss": 0.23106461763381958, "train_reconstruction_loss": 0.19981616735458374, "train_auxiliary_loss": 0.9999504089355469, "gradient_norm": 0.03338014334440231, "learning_rate": 5.6476529721189974e-05, "dev_mse": 0.22570971466064454, "dev_explained_variance": 0.7741958000610623, "dev_mean_l0": 64.0, "dev_dead_feature_fraction": 0.0008021763642318547, "elapsed_seconds": 323.4189622402191}
{"step": 1200, "train_loss": 0.2290278971195221, "train_reconstruction_loss": 0.19779065251350403, "train_auxiliary_loss": 0.9995920658111572, "gradient_norm": 0.03316591680049896, "learning_rate": 3.2725277629795526e-05, "dev_mse": 0.22359923884800503, "dev_explained_variance": 0.776307159348721, "dev_mean_l0": 64.0, "dev_dead_feature_fraction": 0.0009765625, "elapsed_seconds": 352.6769106388092}
{"step": 1300, "train_loss": 0.24142278730869293, "train_reconstruction_loss": 0.21019969880580902, "train_auxiliary_loss": 0.9991389513015747, "gradient_norm": 0.03429850935935974, "learning_rate": 1.4854669814637143e-05, "dev_mse": 0.22243200919015066, "dev_explained_variance": 0.7774748776254158, "dev_mean_l0": 64.0, "dev_dead_feature_fraction": 0.0012904575560241938, "elapsed_seconds": 381.7447283267975}
{"step": 1400, "train_loss": 0.2351723611354828, "train_reconstruction_loss": 0.20395521819591522, "train_auxiliary_loss": 0.9989485740661621, "gradient_norm": 0.03409639745950699, "learning_rate": 3.760813172726457e-06, "dev_mse": 0.22196596557617188, "dev_explained_variance": 0.7779411163318416, "dev_mean_l0": 64.0, "dev_dead_feature_fraction": 0.0012904575560241938, "elapsed_seconds": 410.9994487762451}
{"step": 1500, "train_loss": 0.2149849236011505, "train_reconstruction_loss": 0.183792844414711, "train_auxiliary_loss": 0.9981464147567749, "gradient_norm": 0.03183872625231743, "learning_rate": 0.0, "dev_mse": 0.22189491389683313, "dev_explained_variance": 0.7780121977544181, "dev_mean_l0": 64.0, "dev_dead_feature_fraction": 0.0012555803405120969, "elapsed_seconds": 440.48502826690674}
