Waiting without interference: idle=3/3, required>=2, stable_checks=1/2.
0, 322 MiB, 31908 MiB, 0 %
1, 322 MiB, 31908 MiB, 0 %
2, 322 MiB, 31908 MiB, 0 %
Selected stable idle GPUs on c32: 0 1 2
launched shard=0 gpu=0 pid=1353800
launched shard=1 gpu=1 pid=1353801
completed shard=1 gpu=1
launched shard=2 gpu=1 pid=1354571
completed shard=0 gpu=0
completed shard=2 gpu=1
{
  "status": "complete",
  "runs": [
    {
      "shard_index": 1,
      "gpu_id": "1"
    },
    {
      "shard_index": 0,
      "gpu_id": "0"
    },
    {
      "shard_index": 2,
      "gpu_id": "1"
    }
  ]
}
