Waiting for memory capacity without interference: eligible=2/2.
0, 17055 MiB, 31485 MiB, 100 %
1, 17055 MiB, 31485 MiB, 100 %
2, 1296 MiB, 47245 MiB, 45 %
3, 1296 MiB, 47245 MiB, 45 %
Selected stable memory-fit GPUs on c31: 2 3
launched layer=10 k=32 gpu=2 pid=4192698
launched layer=17 k=32 gpu=3 pid=4192699
completed layer=17 k=32 gpu=3
launched layer=23 k=32 gpu=3 pid=4194179
completed layer=10 k=32 gpu=2
completed layer=23 k=32 gpu=3
{
  "status": "complete",
  "matrix_shard_index": 0,
  "matrix_shard_count": 2,
  "runs": [
    {
      "layer_index": 17,
      "k": 32,
      "gpu_id": "3"
    },
    {
      "layer_index": 10,
      "k": 32,
      "gpu_id": "2"
    },
    {
      "layer_index": 23,
      "k": 32,
      "gpu_id": "3"
    }
  ]
}
