Waiting without interference: idle=3/3, required>=2, stable_checks=1/2.
0, 322 MiB, 31908 MiB, 0 %
1, 322 MiB, 31908 MiB, 0 %
2, 322 MiB, 31908 MiB, 0 %
Selected stable idle GPUs on c32: 0 1 2
launched layer=10 k=64 gpu=0 pid=1355496
launched layer=17 k=64 gpu=1 pid=1355497
completed layer=17 k=64 gpu=1
launched layer=23 k=64 gpu=1 pid=1356120
completed layer=10 k=64 gpu=0
completed layer=23 k=64 gpu=1
{
  "status": "complete",
  "matrix_shard_index": 1,
  "matrix_shard_count": 2,
  "runs": [
    {
      "layer_index": 17,
      "k": 64,
      "gpu_id": "1"
    },
    {
      "layer_index": 10,
      "k": 64,
      "gpu_id": "0"
    },
    {
      "layer_index": 23,
      "k": 64,
      "gpu_id": "1"
    }
  ]
}
