{
  "status": "passed",
  "experiment_name": "phase2_sae_pilot_v1",
  "config_hash": "501ba5f56aafcddceebdda328d448a40206413c06208a77be7ed5c45a50485e2",
  "config_path": "/home/youyang7/projects/SAE_long_short/results/phase2_sae_pilot_v1/formal/protocol/frozen_protocol.json",
  "config_sha256": "67ff12df5293fc91d731728be66db15392a544845cc8d9d117de01b62a289786",
  "expected_sae_count": 6,
  "validated_sae_count": 6,
  "runs": [
    {
      "layer_index": 10,
      "k": 32,
      "metrics_path": "/home/youyang7/projects/SAE_long_short/results/phase2_sae_pilot_v1/formal/sae_training/layer_10_k_032/training_metrics.json",
      "metrics_sha256": "0289aa521de6cba812f2d251c86e7c8a91315557f5ce3bef680282b8e2c0d550",
      "model_path": "/home/youyang7/projects/SAE_long_short/checkpoints/phase2_sae_pilot_v1/layer_10_k_032/sae_model.safetensors",
      "model_sha256": "0a88b462a1ac6eb050bd49c5aaf562c930c1f75fcbd3d3e9fa5b42e0fd620541",
      "train_mse": 0.1617676244594029,
      "dev_mse": 0.18710833267211915,
      "test_mse": 0.18798355573381698,
      "test_explained_variance": 0.8123295367713492,
      "test_mean_l0": 32.0,
      "test_dead_feature_fraction": 0.5498395562171936
    },
    {
      "layer_index": 10,
      "k": 64,
      "metrics_path": "/home/youyang7/projects/SAE_long_short/results/phase2_sae_pilot_v1/formal/sae_training/layer_10_k_064/training_metrics.json",
      "metrics_sha256": "260884c11a9cba3e9e5b53f7fa3c5230cd0369f4682be3f0b64b6011efc4ec4c",
      "model_path": "/home/youyang7/projects/SAE_long_short/checkpoints/phase2_sae_pilot_v1/layer_10_k_064/sae_model.safetensors",
      "model_sha256": "ac5cb9380c4dda1494faeb6efd0676f5f3c6fde6e425cf838d51c513930f8fbb",
      "train_mse": 0.13587759128679547,
      "dev_mse": 0.16193410561697824,
      "test_mse": 0.16275367891584125,
      "test_explained_variance": 0.8375173924385538,
      "test_mean_l0": 64.0,
      "test_dead_feature_fraction": 0.016845703125
    },
    {
      "layer_index": 17,
      "k": 32,
      "metrics_path": "/home/youyang7/projects/SAE_long_short/results/phase2_sae_pilot_v1/formal/sae_training/layer_17_k_032/training_metrics.json",
      "metrics_sha256": "6e674de8bf858a8e56ee1f8253c9c0e4d0cfeffb18cc52b94e084cd19ee53138",
      "model_path": "/home/youyang7/projects/SAE_long_short/checkpoints/phase2_sae_pilot_v1/layer_17_k_032/sae_model.safetensors",
      "model_sha256": "3e7d2bc711807a04558ab8147bf2fa4bdd9f807a8f625909abcbf0984c25650b",
      "train_mse": 0.22676631604003905,
      "dev_mse": 0.2546351009259905,
      "test_mse": 0.2521969613647461,
      "test_explained_variance": 0.7476172283359288,
      "test_mean_l0": 32.0,
      "test_dead_feature_fraction": 0.3672223687171936
    },
    {
      "layer_index": 17,
      "k": 64,
      "metrics_path": "/home/youyang7/projects/SAE_long_short/results/phase2_sae_pilot_v1/formal/sae_training/layer_17_k_064/training_metrics.json",
      "metrics_sha256": "535d5a6e4e0097870b8430370a1d30091d900d951c87f3bf045250050662c69a",
      "model_path": "/home/youyang7/projects/SAE_long_short/checkpoints/phase2_sae_pilot_v1/layer_17_k_064/sae_model.safetensors",
      "model_sha256": "4ac3a3386f7998976e15c782b3280cb0e457e9d638737c6c8f3241c5322fb1ae",
      "train_mse": 0.19715788690185546,
      "dev_mse": 0.22545512346540178,
      "test_mse": 0.22322363773890905,
      "test_explained_variance": 0.7766118985390849,
      "test_mean_l0": 64.0,
      "test_dead_feature_fraction": 0.001220703125
    },
    {
      "layer_index": 23,
      "k": 32,
      "metrics_path": "/home/youyang7/projects/SAE_long_short/results/phase2_sae_pilot_v1/formal/sae_training/layer_23_k_032/training_metrics.json",
      "metrics_sha256": "df1c7a6d3d5bba87bdc8275bae669a2a28184885b16aa8353967f613ffe6e38b",
      "model_path": "/home/youyang7/projects/SAE_long_short/checkpoints/phase2_sae_pilot_v1/layer_23_k_032/sae_model.safetensors",
      "model_sha256": "1c443715407225b3aa8de5620d8a647ff60b5ced2eae6b96ea2cd646ca129483",
      "train_mse": 0.20222157276262556,
      "dev_mse": 0.24187310403006418,
      "test_mse": 0.23780613743373327,
      "test_explained_variance": 0.7620167870225021,
      "test_mean_l0": 32.0,
      "test_dead_feature_fraction": 0.1956961452960968
    },
    {
      "layer_index": 23,
      "k": 64,
      "metrics_path": "/home/youyang7/projects/SAE_long_short/results/phase2_sae_pilot_v1/formal/sae_training/layer_23_k_064/training_metrics.json",
      "metrics_sha256": "c677f698462cc3647db033b5955fdc6f730c976ec5020c95ff3e53c5a3dcfccd",
      "model_path": "/home/youyang7/projects/SAE_long_short/checkpoints/phase2_sae_pilot_v1/layer_23_k_064/sae_model.safetensors",
      "model_sha256": "48c5df9aec18c4a1e32ecc4cbed4398034475597082c4979d45815c913365174",
      "train_mse": 0.1730805756138393,
      "dev_mse": 0.2132455369785854,
      "test_mse": 0.20952912109375,
      "test_explained_variance": 0.7903148590345486,
      "test_mean_l0": 64.0,
      "test_dead_feature_fraction": 0.0010811941465362906
    }
  ],
  "errors": [],
  "source_code_sha256": "4666538383ef03e79b0ccd196c852edad6efcbc9b2abd7c1471369aee28b076f",
  "formal_claim_allowed": false,
  "claim_boundary": "Reconstruction evidence only; utility interpretation and causal steering have not been tested."
}
