Waiting for memory capacity without interference: eligible=4/1.
0, 17055 MiB, 31485 MiB, 100 %
1, 17055 MiB, 31485 MiB, 100 %
2, 1296 MiB, 47245 MiB, 45 %
3, 1296 MiB, 47245 MiB, 40 %
Selected stable memory-fit GPUs on c31: 0 1 2 3
launched layer=10 k=64 gpu=0 pid=29836
launched layer=23 k=64 gpu=1 pid=29837
completed layer=23 k=64 gpu=1
completed layer=10 k=64 gpu=0
{
  "status": "complete",
  "matrix_shard_index": 1,
  "matrix_shard_count": 4,
  "runs": [
    {
      "layer_index": 23,
      "k": 64,
      "gpu_id": "1"
    },
    {
      "layer_index": 10,
      "k": 64,
      "gpu_id": "0"
    }
  ]
}
