Waiting for memory capacity without interference: eligible=3/1.
0, 322 MiB, 31908 MiB, 0 %
1, 322 MiB, 31908 MiB, 0 %
2, 322 MiB, 31908 MiB, 0 %
Selected stable memory-fit GPUs by descending free memory on c32: 0 1 2
{"event": "generation_progress", "stage": "calibration", "shard_index": 2, "candidate_index": 0, "processed_pairs": 2, "total_pairs": 6}
{"event": "generation_progress", "stage": "calibration", "shard_index": 2, "candidate_index": 0, "processed_pairs": 4, "total_pairs": 6}
{"event": "generation_progress", "stage": "calibration", "shard_index": 2, "candidate_index": 0, "processed_pairs": 6, "total_pairs": 6}
{
  "status": "complete",
  "experiment_name": "phase3_sae_intervention_distillation_pilot_v1",
  "stage": "calibration",
  "config_hash": "c3bda5ba8bc07389e24cd9df5ac162e6c6c5162f0b7d3b6ea50e6dac2c367151",
  "config_path": "/home/youyang7/projects/SAE_long_short/results/phase3_sae_intervention_distillation_pilot_v1/exploratory/protocol/frozen_protocol.json",
  "config_sha256": "c7605ccf8c1d700c76eb252ddd48abac396d972481f35912389ea3893898e5bf",
  "shard_index": 2,
  "shard_count": 4,
  "problem_ids": [
    "hf-001157",
    "hf-000446",
    "hf-000694",
    "hf-000283",
    "hf-000881",
    "hf-000791"
  ],
  "problem_ids_sha256": "30aa34b2e339630cd801e09274a30496a13ab5ad72124840ce64cf185189d906",
  "problem_count": 6,
  "candidate_count_per_problem": 1,
  "pair_count": 6,
  "conditions": [
    {
      "name": "no_steering",
      "mode": "none",
      "strength": 0.0
    },
    {
      "name": "short_feature_enhance__a_1p0",
      "mode": "short_enhance",
      "strength": 1.0
    },
    {
      "name": "short_feature_enhance__a_2p0",
      "mode": "short_enhance",
      "strength": 2.0
    },
    {
      "name": "short_feature_enhance__a_4p0",
      "mode": "short_enhance",
      "strength": 4.0
    },
    {
      "name": "long_feature_suppress__a_0p25",
      "mode": "long_suppress",
      "strength": 0.25
    },
    {
      "name": "long_feature_suppress__a_0p5",
      "mode": "long_suppress",
      "strength": 0.5
    },
    {
      "name": "long_feature_suppress__a_1p0",
      "mode": "long_suppress",
      "strength": 1.0
    }
  ],
  "condition_counts": {
    "no_steering": {
      "records": 6,
      "correct": 6,
      "tokens": 1435
    },
    "short_feature_enhance__a_1p0": {
      "records": 6,
      "correct": 6,
      "tokens": 1498
    },
    "short_feature_enhance__a_2p0": {
      "records": 6,
      "correct": 6,
      "tokens": 1466
    },
    "short_feature_enhance__a_4p0": {
      "records": 6,
      "correct": 6,
      "tokens": 1450
    },
    "long_feature_suppress__a_0p25": {
      "records": 6,
      "correct": 6,
      "tokens": 1447
    },
    "long_feature_suppress__a_0p5": {
      "records": 6,
      "correct": 6,
      "tokens": 1450
    },
    "long_feature_suppress__a_1p0": {
      "records": 6,
      "correct": 6,
      "tokens": 1534
    }
  },
  "common_prefix_audit": "passed",
  "strength_evidence": null,
  "records_path": "/home/youyang7/projects/SAE_long_short/results/phase3_sae_intervention_distillation_pilot_v1/exploratory/calibration_shards/shard_02_of_04/generations.jsonl",
  "records_sha256": "01373f430d917c43530a631d7452a8cde2081b8e072d83c127cfd39d71e80517",
  "elapsed_seconds": 211.0322880744934,
  "runtime": {
    "hostname": "c32",
    "platform": "Linux-5.19.9-1.el8.x86_64-x86_64-with-glibc2.28",
    "cuda_visible_devices": "0",
    "packages": {
      "python": "3.10.19",
      "torch": "2.10.0",
      "transformers": "4.48.3",
      "safetensors": "0.7.0"
    },
    "gpus": [
      {
        "index": "0",
        "name": "NVIDIA RTX 5000 Ada Generation",
        "memory_total_mib": "32760",
        "driver_version": "580.82.07"
      },
      {
        "index": "1",
        "name": "NVIDIA RTX 5000 Ada Generation",
        "memory_total_mib": "32760",
        "driver_version": "580.82.07"
      },
      {
        "index": "2",
        "name": "NVIDIA RTX 5000 Ada Generation",
        "memory_total_mib": "32760",
        "driver_version": "580.82.07"
      }
    ]
  },
  "source_code_sha256": "db112669ac047d5b9df55d7718adba2dbeb9becc792f16d090e23d4d5853136f",
  "library_code_sha256": "86415ead2d77cd27190c5a7f3424375962330baa6fba64488a69b2bc7f7f1397",
  "formal_claim_allowed": false
}
