Waiting for memory capacity without interference: eligible=4/1.
0, 17171 MiB, 31369 MiB, 100 %
1, 17125 MiB, 31415 MiB, 100 %
2, 1296 MiB, 47245 MiB, 46 %
3, 1296 MiB, 47245 MiB, 52 %
Selected stable memory-fit GPUs by descending free memory on c31: 2 3 1 0
{"event": "generation_progress", "stage": "calibration", "shard_index": 1, "candidate_index": 0, "processed_pairs": 2, "total_pairs": 6}
{"event": "generation_progress", "stage": "calibration", "shard_index": 1, "candidate_index": 0, "processed_pairs": 4, "total_pairs": 6}
{"event": "generation_progress", "stage": "calibration", "shard_index": 1, "candidate_index": 0, "processed_pairs": 6, "total_pairs": 6}
{
  "status": "complete",
  "experiment_name": "phase3_sae_intervention_distillation_pilot_v1",
  "stage": "calibration",
  "config_hash": "c3bda5ba8bc07389e24cd9df5ac162e6c6c5162f0b7d3b6ea50e6dac2c367151",
  "config_path": "/home/youyang7/projects/SAE_long_short/results/phase3_sae_intervention_distillation_pilot_v1/exploratory/protocol/frozen_protocol.json",
  "config_sha256": "c7605ccf8c1d700c76eb252ddd48abac396d972481f35912389ea3893898e5bf",
  "shard_index": 1,
  "shard_count": 4,
  "problem_ids": [
    "hf-001110",
    "hf-000918",
    "hf-001247",
    "hf-000683",
    "hf-001323",
    "hf-000352"
  ],
  "problem_ids_sha256": "9e3ba70ddad4e81cc686dfa3d527a5afe9c5cda370b5d3ec80c68251453280a3",
  "problem_count": 6,
  "candidate_count_per_problem": 1,
  "pair_count": 6,
  "conditions": [
    {
      "name": "no_steering",
      "mode": "none",
      "strength": 0.0
    },
    {
      "name": "short_feature_enhance__a_1p0",
      "mode": "short_enhance",
      "strength": 1.0
    },
    {
      "name": "short_feature_enhance__a_2p0",
      "mode": "short_enhance",
      "strength": 2.0
    },
    {
      "name": "short_feature_enhance__a_4p0",
      "mode": "short_enhance",
      "strength": 4.0
    },
    {
      "name": "long_feature_suppress__a_0p25",
      "mode": "long_suppress",
      "strength": 0.25
    },
    {
      "name": "long_feature_suppress__a_0p5",
      "mode": "long_suppress",
      "strength": 0.5
    },
    {
      "name": "long_feature_suppress__a_1p0",
      "mode": "long_suppress",
      "strength": 1.0
    }
  ],
  "condition_counts": {
    "no_steering": {
      "records": 6,
      "correct": 6,
      "tokens": 1477
    },
    "short_feature_enhance__a_1p0": {
      "records": 6,
      "correct": 6,
      "tokens": 1480
    },
    "short_feature_enhance__a_2p0": {
      "records": 6,
      "correct": 6,
      "tokens": 1484
    },
    "short_feature_enhance__a_4p0": {
      "records": 6,
      "correct": 6,
      "tokens": 1531
    },
    "long_feature_suppress__a_0p25": {
      "records": 6,
      "correct": 6,
      "tokens": 1491
    },
    "long_feature_suppress__a_0p5": {
      "records": 6,
      "correct": 6,
      "tokens": 1493
    },
    "long_feature_suppress__a_1p0": {
      "records": 6,
      "correct": 6,
      "tokens": 1504
    }
  },
  "common_prefix_audit": "passed",
  "strength_evidence": null,
  "records_path": "/home/youyang7/projects/SAE_long_short/results/phase3_sae_intervention_distillation_pilot_v1/exploratory/calibration_shards/shard_01_of_04/generations.jsonl",
  "records_sha256": "5169dec0178b47be9a31a1b4dc7f8d773e5b3832255e6f7209dc2c022e5a04bf",
  "elapsed_seconds": 335.31737899780273,
  "runtime": {
    "hostname": "c31",
    "platform": "Linux-5.19.9-1.el8.x86_64-x86_64-with-glibc2.28",
    "cuda_visible_devices": "2",
    "packages": {
      "python": "3.10.19",
      "torch": "2.10.0",
      "transformers": "4.48.3",
      "safetensors": "0.7.0"
    },
    "gpus": [
      {
        "index": "0",
        "name": "NVIDIA RTX A6000",
        "memory_total_mib": "49140",
        "driver_version": "580.82.07"
      },
      {
        "index": "1",
        "name": "NVIDIA RTX A6000",
        "memory_total_mib": "49140",
        "driver_version": "580.82.07"
      },
      {
        "index": "2",
        "name": "NVIDIA RTX A6000",
        "memory_total_mib": "49140",
        "driver_version": "580.82.07"
      },
      {
        "index": "3",
        "name": "NVIDIA RTX A6000",
        "memory_total_mib": "49140",
        "driver_version": "580.82.07"
      }
    ]
  },
  "source_code_sha256": "db112669ac047d5b9df55d7718adba2dbeb9becc792f16d090e23d4d5853136f",
  "library_code_sha256": "86415ead2d77cd27190c5a7f3424375962330baa6fba64488a69b2bc7f7f1397",
  "formal_claim_allowed": false
}
