Loading checkpoint shards:   0%|          | 0/4 [00:00<?, ?it/s]Loading checkpoint shards:  50%|█████     | 2/4 [00:00<00:00, 11.37it/s]Loading checkpoint shards: 100%|██████████| 4/4 [00:00<00:00, 12.19it/s]Loading checkpoint shards: 100%|██████████| 4/4 [00:00<00:00, 12.05it/s]
{"event": "generation_progress", "stage": "main", "shard_index": 11, "candidate_index": 0, "processed_pairs": 2, "total_pairs": 102}
{"event": "generation_progress", "stage": "main", "shard_index": 11, "candidate_index": 0, "processed_pairs": 4, "total_pairs": 102}
{"event": "generation_progress", "stage": "main", "shard_index": 11, "candidate_index": 0, "processed_pairs": 6, "total_pairs": 102}
{"event": "generation_progress", "stage": "main", "shard_index": 11, "candidate_index": 0, "processed_pairs": 8, "total_pairs": 102}
{"event": "generation_progress", "stage": "main", "shard_index": 11, "candidate_index": 0, "processed_pairs": 10, "total_pairs": 102}
{"event": "generation_progress", "stage": "main", "shard_index": 11, "candidate_index": 0, "processed_pairs": 12, "total_pairs": 102}
{"event": "generation_progress", "stage": "main", "shard_index": 11, "candidate_index": 0, "processed_pairs": 14, "total_pairs": 102}
{"event": "generation_progress", "stage": "main", "shard_index": 11, "candidate_index": 0, "processed_pairs": 16, "total_pairs": 102}
{"event": "generation_progress", "stage": "main", "shard_index": 11, "candidate_index": 0, "processed_pairs": 18, "total_pairs": 102}
{"event": "generation_progress", "stage": "main", "shard_index": 11, "candidate_index": 0, "processed_pairs": 20, "total_pairs": 102}
{"event": "generation_progress", "stage": "main", "shard_index": 11, "candidate_index": 0, "processed_pairs": 22, "total_pairs": 102}
{"event": "generation_progress", "stage": "main", "shard_index": 11, "candidate_index": 0, "processed_pairs": 24, "total_pairs": 102}
{"event": "generation_progress", "stage": "main", "shard_index": 11, "candidate_index": 0, "processed_pairs": 26, "total_pairs": 102}
{"event": "generation_progress", "stage": "main", "shard_index": 11, "candidate_index": 0, "processed_pairs": 28, "total_pairs": 102}
{"event": "generation_progress", "stage": "main", "shard_index": 11, "candidate_index": 0, "processed_pairs": 30, "total_pairs": 102}
{"event": "generation_progress", "stage": "main", "shard_index": 11, "candidate_index": 0, "processed_pairs": 32, "total_pairs": 102}
{"event": "generation_progress", "stage": "main", "shard_index": 11, "candidate_index": 0, "processed_pairs": 34, "total_pairs": 102}
{"event": "generation_progress", "stage": "main", "shard_index": 11, "candidate_index": 0, "processed_pairs": 36, "total_pairs": 102}
{"event": "generation_progress", "stage": "main", "shard_index": 11, "candidate_index": 0, "processed_pairs": 38, "total_pairs": 102}
{"event": "generation_progress", "stage": "main", "shard_index": 11, "candidate_index": 0, "processed_pairs": 40, "total_pairs": 102}
{"event": "generation_progress", "stage": "main", "shard_index": 11, "candidate_index": 0, "processed_pairs": 42, "total_pairs": 102}
{"event": "generation_progress", "stage": "main", "shard_index": 11, "candidate_index": 0, "processed_pairs": 44, "total_pairs": 102}
{"event": "generation_progress", "stage": "main", "shard_index": 11, "candidate_index": 0, "processed_pairs": 46, "total_pairs": 102}
{"event": "generation_progress", "stage": "main", "shard_index": 11, "candidate_index": 0, "processed_pairs": 48, "total_pairs": 102}
{"event": "generation_progress", "stage": "main", "shard_index": 11, "candidate_index": 0, "processed_pairs": 50, "total_pairs": 102}
{"event": "generation_progress", "stage": "main", "shard_index": 11, "candidate_index": 0, "processed_pairs": 51, "total_pairs": 102}
{"event": "generation_progress", "stage": "main", "shard_index": 11, "candidate_index": 1, "processed_pairs": 53, "total_pairs": 102}
{"event": "generation_progress", "stage": "main", "shard_index": 11, "candidate_index": 1, "processed_pairs": 55, "total_pairs": 102}
{"event": "generation_progress", "stage": "main", "shard_index": 11, "candidate_index": 1, "processed_pairs": 57, "total_pairs": 102}
{"event": "generation_progress", "stage": "main", "shard_index": 11, "candidate_index": 1, "processed_pairs": 59, "total_pairs": 102}
{"event": "generation_progress", "stage": "main", "shard_index": 11, "candidate_index": 1, "processed_pairs": 61, "total_pairs": 102}
{"event": "generation_progress", "stage": "main", "shard_index": 11, "candidate_index": 1, "processed_pairs": 63, "total_pairs": 102}
{"event": "generation_progress", "stage": "main", "shard_index": 11, "candidate_index": 1, "processed_pairs": 65, "total_pairs": 102}
{"event": "generation_progress", "stage": "main", "shard_index": 11, "candidate_index": 1, "processed_pairs": 67, "total_pairs": 102}
{"event": "generation_progress", "stage": "main", "shard_index": 11, "candidate_index": 1, "processed_pairs": 69, "total_pairs": 102}
{"event": "generation_progress", "stage": "main", "shard_index": 11, "candidate_index": 1, "processed_pairs": 71, "total_pairs": 102}
{"event": "generation_progress", "stage": "main", "shard_index": 11, "candidate_index": 1, "processed_pairs": 73, "total_pairs": 102}
{"event": "generation_progress", "stage": "main", "shard_index": 11, "candidate_index": 1, "processed_pairs": 75, "total_pairs": 102}
{"event": "generation_progress", "stage": "main", "shard_index": 11, "candidate_index": 1, "processed_pairs": 77, "total_pairs": 102}
{"event": "generation_progress", "stage": "main", "shard_index": 11, "candidate_index": 1, "processed_pairs": 79, "total_pairs": 102}
{"event": "generation_progress", "stage": "main", "shard_index": 11, "candidate_index": 1, "processed_pairs": 81, "total_pairs": 102}
{"event": "generation_progress", "stage": "main", "shard_index": 11, "candidate_index": 1, "processed_pairs": 83, "total_pairs": 102}
{"event": "generation_progress", "stage": "main", "shard_index": 11, "candidate_index": 1, "processed_pairs": 85, "total_pairs": 102}
{"event": "generation_progress", "stage": "main", "shard_index": 11, "candidate_index": 1, "processed_pairs": 87, "total_pairs": 102}
{"event": "generation_progress", "stage": "main", "shard_index": 11, "candidate_index": 1, "processed_pairs": 89, "total_pairs": 102}
{"event": "generation_progress", "stage": "main", "shard_index": 11, "candidate_index": 1, "processed_pairs": 91, "total_pairs": 102}
{"event": "generation_progress", "stage": "main", "shard_index": 11, "candidate_index": 1, "processed_pairs": 93, "total_pairs": 102}
{"event": "generation_progress", "stage": "main", "shard_index": 11, "candidate_index": 1, "processed_pairs": 95, "total_pairs": 102}
{"event": "generation_progress", "stage": "main", "shard_index": 11, "candidate_index": 1, "processed_pairs": 97, "total_pairs": 102}
{"event": "generation_progress", "stage": "main", "shard_index": 11, "candidate_index": 1, "processed_pairs": 99, "total_pairs": 102}
{"event": "generation_progress", "stage": "main", "shard_index": 11, "candidate_index": 1, "processed_pairs": 101, "total_pairs": 102}
{"event": "generation_progress", "stage": "main", "shard_index": 11, "candidate_index": 1, "processed_pairs": 102, "total_pairs": 102}
{
  "status": "complete",
  "experiment_name": "phase3_sae_intervention_distillation_pilot_v1",
  "stage": "main",
  "config_hash": "c3bda5ba8bc07389e24cd9df5ac162e6c6c5162f0b7d3b6ea50e6dac2c367151",
  "config_path": "/home/youyang7/projects/SAE_long_short/results/phase3_sae_intervention_distillation_pilot_v1/exploratory/protocol/frozen_protocol.json",
  "config_sha256": "c7605ccf8c1d700c76eb252ddd48abac396d972481f35912389ea3893898e5bf",
  "shard_index": 11,
  "shard_count": 12,
  "problem_ids": [
    "hf-000202",
    "hf-001244",
    "hf-000324",
    "hf-001096",
    "hf-001616",
    "hf-001592",
    "hf-000846",
    "hf-001604",
    "hf-001193",
    "hf-001524",
    "hf-001901",
    "hf-001727",
    "hf-000609",
    "hf-001237",
    "hf-000641",
    "hf-000044",
    "hf-000534",
    "hf-001973",
    "hf-000882",
    "hf-001630",
    "hf-000879",
    "hf-001047",
    "hf-001042",
    "hf-001124",
    "hf-001806",
    "hf-001658",
    "hf-000345",
    "hf-001015",
    "hf-000865",
    "hf-000265",
    "hf-000739",
    "hf-000885",
    "hf-001017",
    "hf-001449",
    "hf-001254",
    "hf-001429",
    "hf-001597",
    "hf-000000",
    "hf-000698",
    "hf-001137",
    "hf-001422",
    "hf-001603",
    "hf-000002",
    "hf-000430",
    "hf-000711",
    "hf-000973",
    "hf-001664",
    "hf-001892",
    "hf-001977",
    "hf-001516",
    "hf-001133"
  ],
  "problem_ids_sha256": "f3a25f7dfee707da8b38f7b7a4eb7c76a366f1e62a70000ed66a3d86f2573f2b",
  "problem_count": 51,
  "candidate_count_per_problem": 2,
  "pair_count": 102,
  "conditions": [
    {
      "name": "no_steering",
      "mode": "none",
      "strength": 0.0
    },
    {
      "name": "short_feature_enhance",
      "mode": "short_enhance",
      "strength": 1.0
    },
    {
      "name": "long_feature_suppress",
      "mode": "long_suppress",
      "strength": 0.25
    },
    {
      "name": "random_feature_enhance",
      "mode": "random_enhance",
      "strength": 1.0
    }
  ],
  "condition_counts": {
    "no_steering": {
      "records": 102,
      "correct": 102,
      "tokens": 25958
    },
    "short_feature_enhance": {
      "records": 102,
      "correct": 102,
      "tokens": 25962
    },
    "long_feature_suppress": {
      "records": 102,
      "correct": 102,
      "tokens": 26337
    },
    "random_feature_enhance": {
      "records": 102,
      "correct": 102,
      "tokens": 26116
    }
  },
  "common_prefix_audit": "passed",
  "strength_evidence": {
    "selection_path": "/home/youyang7/projects/SAE_long_short/results/phase3_sae_intervention_distillation_pilot_v1/exploratory/calibration/selected_strengths.json",
    "selection_sha256": "79dcc52d00bf038641adad25ecfc800f575e6afd7e2c56e2d7dc3a3bd9d58093",
    "marker_path": "/home/youyang7/projects/SAE_long_short/results/phase3_sae_intervention_distillation_pilot_v1/exploratory/calibration/CALIBRATION_COMPLETE",
    "marker_sha256": "3a6073479c4c016a417a25dc113488b69bacf1039d763420170a52f642038a3f"
  },
  "records_path": "/home/youyang7/projects/SAE_long_short/results/phase3_sae_intervention_distillation_pilot_v1/exploratory/main_generation_shards/shard_11_of_12/generations.jsonl",
  "records_sha256": "0ec434fade40a3d9b8f278c6788ebe30da622bd9d2ec7bfada389933fb49d650",
  "elapsed_seconds": 1626.8640389442444,
  "runtime": {
    "hostname": "c31",
    "platform": "Linux-5.19.9-1.el8.x86_64-x86_64-with-glibc2.28",
    "cuda_visible_devices": "3",
    "packages": {
      "python": "3.10.19",
      "torch": "2.10.0",
      "transformers": "4.48.3",
      "safetensors": "0.7.0"
    },
    "gpus": [
      {
        "index": "0",
        "name": "NVIDIA RTX A6000",
        "memory_total_mib": "49140",
        "driver_version": "580.82.07"
      },
      {
        "index": "1",
        "name": "NVIDIA RTX A6000",
        "memory_total_mib": "49140",
        "driver_version": "580.82.07"
      },
      {
        "index": "2",
        "name": "NVIDIA RTX A6000",
        "memory_total_mib": "49140",
        "driver_version": "580.82.07"
      },
      {
        "index": "3",
        "name": "NVIDIA RTX A6000",
        "memory_total_mib": "49140",
        "driver_version": "580.82.07"
      }
    ]
  },
  "source_code_sha256": "db112669ac047d5b9df55d7718adba2dbeb9becc792f16d090e23d4d5853136f",
  "library_code_sha256": "86415ead2d77cd27190c5a7f3424375962330baa6fba64488a69b2bc7f7f1397",
  "formal_claim_allowed": false
}
