Loading checkpoint shards:   0%|          | 0/4 [00:00<?, ?it/s]Loading checkpoint shards:  25%|██▌       | 1/4 [00:00<00:00,  7.16it/s]Loading checkpoint shards:  50%|█████     | 2/4 [00:00<00:00,  6.88it/s]Loading checkpoint shards:  75%|███████▌  | 3/4 [00:00<00:00,  6.41it/s]Loading checkpoint shards: 100%|██████████| 4/4 [00:00<00:00,  5.84it/s]Loading checkpoint shards: 100%|██████████| 4/4 [00:00<00:00,  6.13it/s]
{"event": "generation_progress", "stage": "calibration", "shard_index": 5, "candidate_index": 0, "processed_pairs": 2, "total_pairs": 8}
{"event": "generation_progress", "stage": "calibration", "shard_index": 5, "candidate_index": 0, "processed_pairs": 4, "total_pairs": 8}
{"event": "generation_progress", "stage": "calibration", "shard_index": 5, "candidate_index": 0, "processed_pairs": 6, "total_pairs": 8}
{"event": "generation_progress", "stage": "calibration", "shard_index": 5, "candidate_index": 0, "processed_pairs": 8, "total_pairs": 8}
{
  "status": "complete",
  "experiment_name": "phase3_sae_intervention_strength_sweep_v2",
  "stage": "calibration",
  "config_hash": "41a694298a7b629eabd1ee1594b126962cb2a2df26495159c26612fd9c235b1c",
  "config_path": "/home/youyang7/projects/SAE_long_short/results/phase3_sae_intervention_strength_sweep_v2/exploratory/protocol/frozen_protocol.json",
  "config_sha256": "6c8c7b10c854a3e37d28d0b7730aaee356867980b5f7e3ff6661764fa8dbc55d",
  "shard_index": 5,
  "shard_count": 8,
  "problem_ids": [
    "hf-000918",
    "hf-000683",
    "hf-000352",
    "hf-001788",
    "hf-000557",
    "hf-000823",
    "hf-000510",
    "hf-000987"
  ],
  "problem_ids_sha256": "ca4e15c7e03ccd4e59746fe6556f62d4df624b7a008be786a45fb80b5a691bd6",
  "problem_count": 8,
  "candidate_count_per_problem": 1,
  "pair_count": 8,
  "conditions": [
    {
      "name": "no_steering",
      "mode": "none",
      "strength": 0.0
    },
    {
      "name": "short_feature_enhance__a_1p0",
      "mode": "short_enhance",
      "strength": 1.0
    },
    {
      "name": "short_feature_enhance__a_4p0",
      "mode": "short_enhance",
      "strength": 4.0
    },
    {
      "name": "short_feature_enhance__a_8p0",
      "mode": "short_enhance",
      "strength": 8.0
    },
    {
      "name": "short_feature_enhance__a_12p0",
      "mode": "short_enhance",
      "strength": 12.0
    },
    {
      "name": "long_feature_suppress__a_0p25",
      "mode": "long_suppress",
      "strength": 0.25
    },
    {
      "name": "long_feature_suppress__a_1p0",
      "mode": "long_suppress",
      "strength": 1.0
    },
    {
      "name": "long_feature_suppress__a_2p0",
      "mode": "long_suppress",
      "strength": 2.0
    },
    {
      "name": "random_feature_enhance__a_1p0",
      "mode": "random_enhance",
      "strength": 1.0
    },
    {
      "name": "random_feature_enhance__a_4p0",
      "mode": "random_enhance",
      "strength": 4.0
    },
    {
      "name": "random_feature_enhance__a_8p0",
      "mode": "random_enhance",
      "strength": 8.0
    },
    {
      "name": "random_feature_enhance__a_12p0",
      "mode": "random_enhance",
      "strength": 12.0
    }
  ],
  "condition_counts": {
    "no_steering": {
      "records": 8,
      "correct": 8,
      "tokens": 1966
    },
    "short_feature_enhance__a_1p0": {
      "records": 8,
      "correct": 8,
      "tokens": 1958
    },
    "short_feature_enhance__a_4p0": {
      "records": 8,
      "correct": 8,
      "tokens": 1907
    },
    "short_feature_enhance__a_8p0": {
      "records": 8,
      "correct": 8,
      "tokens": 1961
    },
    "short_feature_enhance__a_12p0": {
      "records": 8,
      "correct": 8,
      "tokens": 2023
    },
    "long_feature_suppress__a_0p25": {
      "records": 8,
      "correct": 8,
      "tokens": 1964
    },
    "long_feature_suppress__a_1p0": {
      "records": 8,
      "correct": 8,
      "tokens": 1952
    },
    "long_feature_suppress__a_2p0": {
      "records": 8,
      "correct": 8,
      "tokens": 1958
    },
    "random_feature_enhance__a_1p0": {
      "records": 8,
      "correct": 8,
      "tokens": 1966
    },
    "random_feature_enhance__a_4p0": {
      "records": 8,
      "correct": 8,
      "tokens": 1984
    },
    "random_feature_enhance__a_8p0": {
      "records": 8,
      "correct": 8,
      "tokens": 2004
    },
    "random_feature_enhance__a_12p0": {
      "records": 8,
      "correct": 8,
      "tokens": 1965
    }
  },
  "common_prefix_audit": "passed",
  "strength_evidence": null,
  "records_path": "/home/youyang7/projects/SAE_long_short/results/phase3_sae_intervention_strength_sweep_v2/exploratory/calibration_shards/shard_05_of_08/generations.jsonl",
  "records_sha256": "da0a6c6150237ff0e94540704e91e4aa679b72682d29a575e51afc96d162b4e9",
  "elapsed_seconds": 385.6827642917633,
  "runtime": {
    "hostname": "c32",
    "platform": "Linux-5.19.9-1.el8.x86_64-x86_64-with-glibc2.28",
    "cuda_visible_devices": "1",
    "packages": {
      "python": "3.10.19",
      "torch": "2.10.0",
      "transformers": "4.48.3",
      "safetensors": "0.7.0"
    },
    "gpus": [
      {
        "index": "0",
        "name": "NVIDIA RTX 5000 Ada Generation",
        "memory_total_mib": "32760",
        "driver_version": "580.82.07"
      },
      {
        "index": "1",
        "name": "NVIDIA RTX 5000 Ada Generation",
        "memory_total_mib": "32760",
        "driver_version": "580.82.07"
      },
      {
        "index": "2",
        "name": "NVIDIA RTX 5000 Ada Generation",
        "memory_total_mib": "32760",
        "driver_version": "580.82.07"
      }
    ]
  },
  "source_code_sha256": "0c6c32acdb3bcf40b4c1ed3f074875c844e7841199386f45d40bc6db09bca9e6",
  "library_code_sha256": "86415ead2d77cd27190c5a7f3424375962330baa6fba64488a69b2bc7f7f1397",
  "formal_claim_allowed": false
}
