Loading checkpoint shards:   0%|          | 0/4 [00:00<?, ?it/s]Loading checkpoint shards:  25%|██▌       | 1/4 [00:00<00:00,  8.35it/s]Loading checkpoint shards:  50%|█████     | 2/4 [00:00<00:00,  8.85it/s]Loading checkpoint shards:  75%|███████▌  | 3/4 [00:00<00:00,  9.00it/s]Loading checkpoint shards: 100%|██████████| 4/4 [00:00<00:00,  9.20it/s]Loading checkpoint shards: 100%|██████████| 4/4 [00:00<00:00,  9.05it/s]
{"event": "generation_progress", "stage": "calibration", "shard_index": 2, "candidate_index": 0, "processed_pairs": 2, "total_pairs": 8}
{"event": "generation_progress", "stage": "calibration", "shard_index": 2, "candidate_index": 0, "processed_pairs": 4, "total_pairs": 8}
{"event": "generation_progress", "stage": "calibration", "shard_index": 2, "candidate_index": 0, "processed_pairs": 6, "total_pairs": 8}
{"event": "generation_progress", "stage": "calibration", "shard_index": 2, "candidate_index": 0, "processed_pairs": 8, "total_pairs": 8}
{
  "status": "complete",
  "experiment_name": "phase3_sae_intervention_strength_sweep_v2",
  "stage": "calibration",
  "config_hash": "41a694298a7b629eabd1ee1594b126962cb2a2df26495159c26612fd9c235b1c",
  "config_path": "/home/youyang7/projects/SAE_long_short/results/phase3_sae_intervention_strength_sweep_v2/exploratory/protocol/frozen_protocol.json",
  "config_sha256": "6c8c7b10c854a3e37d28d0b7730aaee356867980b5f7e3ff6661764fa8dbc55d",
  "shard_index": 2,
  "shard_count": 8,
  "problem_ids": [
    "hf-001157",
    "hf-000694",
    "hf-000881",
    "hf-001997",
    "hf-001214",
    "hf-001649",
    "hf-001371",
    "hf-001041"
  ],
  "problem_ids_sha256": "3338158ccb3fe09d51c46c51af936b23f33f683e1dbbc2aaea1aae31c550033a",
  "problem_count": 8,
  "candidate_count_per_problem": 1,
  "pair_count": 8,
  "conditions": [
    {
      "name": "no_steering",
      "mode": "none",
      "strength": 0.0
    },
    {
      "name": "short_feature_enhance__a_1p0",
      "mode": "short_enhance",
      "strength": 1.0
    },
    {
      "name": "short_feature_enhance__a_4p0",
      "mode": "short_enhance",
      "strength": 4.0
    },
    {
      "name": "short_feature_enhance__a_8p0",
      "mode": "short_enhance",
      "strength": 8.0
    },
    {
      "name": "short_feature_enhance__a_12p0",
      "mode": "short_enhance",
      "strength": 12.0
    },
    {
      "name": "long_feature_suppress__a_0p25",
      "mode": "long_suppress",
      "strength": 0.25
    },
    {
      "name": "long_feature_suppress__a_1p0",
      "mode": "long_suppress",
      "strength": 1.0
    },
    {
      "name": "long_feature_suppress__a_2p0",
      "mode": "long_suppress",
      "strength": 2.0
    },
    {
      "name": "random_feature_enhance__a_1p0",
      "mode": "random_enhance",
      "strength": 1.0
    },
    {
      "name": "random_feature_enhance__a_4p0",
      "mode": "random_enhance",
      "strength": 4.0
    },
    {
      "name": "random_feature_enhance__a_8p0",
      "mode": "random_enhance",
      "strength": 8.0
    },
    {
      "name": "random_feature_enhance__a_12p0",
      "mode": "random_enhance",
      "strength": 12.0
    }
  ],
  "condition_counts": {
    "no_steering": {
      "records": 8,
      "correct": 8,
      "tokens": 2106
    },
    "short_feature_enhance__a_1p0": {
      "records": 8,
      "correct": 8,
      "tokens": 2137
    },
    "short_feature_enhance__a_4p0": {
      "records": 8,
      "correct": 8,
      "tokens": 2124
    },
    "short_feature_enhance__a_8p0": {
      "records": 8,
      "correct": 8,
      "tokens": 2137
    },
    "short_feature_enhance__a_12p0": {
      "records": 8,
      "correct": 8,
      "tokens": 2170
    },
    "long_feature_suppress__a_0p25": {
      "records": 8,
      "correct": 8,
      "tokens": 2112
    },
    "long_feature_suppress__a_1p0": {
      "records": 8,
      "correct": 8,
      "tokens": 2038
    },
    "long_feature_suppress__a_2p0": {
      "records": 8,
      "correct": 8,
      "tokens": 2088
    },
    "random_feature_enhance__a_1p0": {
      "records": 8,
      "correct": 8,
      "tokens": 2189
    },
    "random_feature_enhance__a_4p0": {
      "records": 8,
      "correct": 8,
      "tokens": 2091
    },
    "random_feature_enhance__a_8p0": {
      "records": 8,
      "correct": 8,
      "tokens": 2268
    },
    "random_feature_enhance__a_12p0": {
      "records": 8,
      "correct": 8,
      "tokens": 2269
    }
  },
  "common_prefix_audit": "passed",
  "strength_evidence": null,
  "records_path": "/home/youyang7/projects/SAE_long_short/results/phase3_sae_intervention_strength_sweep_v2/exploratory/calibration_shards/shard_02_of_08/generations.jsonl",
  "records_sha256": "6bd633b4986ce11361d3399a448a7a03d58255c5db3a4fe87e18546711a579d7",
  "elapsed_seconds": 431.7899577617645,
  "runtime": {
    "hostname": "c31",
    "platform": "Linux-5.19.9-1.el8.x86_64-x86_64-with-glibc2.28",
    "cuda_visible_devices": "3",
    "packages": {
      "python": "3.10.19",
      "torch": "2.10.0",
      "transformers": "4.48.3",
      "safetensors": "0.7.0"
    },
    "gpus": [
      {
        "index": "0",
        "name": "NVIDIA RTX A6000",
        "memory_total_mib": "49140",
        "driver_version": "580.82.07"
      },
      {
        "index": "1",
        "name": "NVIDIA RTX A6000",
        "memory_total_mib": "49140",
        "driver_version": "580.82.07"
      },
      {
        "index": "2",
        "name": "NVIDIA RTX A6000",
        "memory_total_mib": "49140",
        "driver_version": "580.82.07"
      },
      {
        "index": "3",
        "name": "NVIDIA RTX A6000",
        "memory_total_mib": "49140",
        "driver_version": "580.82.07"
      }
    ]
  },
  "source_code_sha256": "0c6c32acdb3bcf40b4c1ed3f074875c844e7841199386f45d40bc6db09bca9e6",
  "library_code_sha256": "86415ead2d77cd27190c5a7f3424375962330baa6fba64488a69b2bc7f7f1397",
  "formal_claim_allowed": false
}
