Loading checkpoint shards:   0%|          | 0/4 [00:00<?, ?it/s]Loading checkpoint shards:  25%|██▌       | 1/4 [00:00<00:00,  3.01it/s]Loading checkpoint shards:  50%|█████     | 2/4 [00:00<00:00,  3.75it/s]Loading checkpoint shards:  75%|███████▌  | 3/4 [00:01<00:00,  2.71it/s]Loading checkpoint shards: 100%|██████████| 4/4 [00:01<00:00,  2.56it/s]Loading checkpoint shards: 100%|██████████| 4/4 [00:01<00:00,  2.72it/s]
shard=0 traces=2/4738
shard=0 traces=102/4738
shard=0 traces=202/4738
shard=0 traces=302/4738
shard=0 traces=402/4738
shard=0 traces=502/4738
shard=0 traces=602/4738
shard=0 traces=702/4738
shard=0 traces=802/4738
shard=0 traces=902/4738
shard=0 traces=1002/4738
shard=0 traces=1102/4738
shard=0 traces=1202/4738
shard=0 traces=1302/4738
shard=0 traces=1402/4738
shard=0 traces=1502/4738
shard=0 traces=1602/4738
shard=0 traces=1702/4738
shard=0 traces=1802/4738
shard=0 traces=1902/4738
shard=0 traces=2002/4738
shard=0 traces=2102/4738
shard=0 traces=2202/4738
shard=0 traces=2302/4738
shard=0 traces=2402/4738
shard=0 traces=2502/4738
shard=0 traces=2602/4738
shard=0 traces=2702/4738
shard=0 traces=2802/4738
shard=0 traces=2902/4738
shard=0 traces=3002/4738
shard=0 traces=3102/4738
shard=0 traces=3202/4738
shard=0 traces=3302/4738
shard=0 traces=3402/4738
shard=0 traces=3502/4738
shard=0 traces=3602/4738
shard=0 traces=3702/4738
shard=0 traces=3802/4738
shard=0 traces=3902/4738
shard=0 traces=4002/4738
shard=0 traces=4102/4738
shard=0 traces=4202/4738
shard=0 traces=4302/4738
shard=0 traces=4402/4738
shard=0 traces=4502/4738
shard=0 traces=4602/4738
shard=0 traces=4702/4738
{
  "status": "complete",
  "experiment_name": "phase2_sae_pilot_v1",
  "config_hash": "501ba5f56aafcddceebdda328d448a40206413c06208a77be7ed5c45a50485e2",
  "config_path": "/home/youyang7/projects/SAE_long_short/results/phase2_sae_pilot_v1/formal/protocol/frozen_protocol.json",
  "config_sha256": "67ff12df5293fc91d731728be66db15392a544845cc8d9d117de01b62a289786",
  "corpus_path": "/home/youyang7/projects/SAE_long_short/results/phase2_sae_pilot_v1/formal/corpus/mixed_trajectories.jsonl",
  "corpus_sha256": "a4643aa73cf13e26aa43f4bcbf41d5798cfd161cd5433338f0d48c1bff7ef6c8",
  "shard_index": 0,
  "shard_count": 3,
  "trajectory_count": 4738,
  "token_count_per_layer": 1184659,
  "trace_index_path": "/home/youyang7/projects/SAE_long_short/results/phase2_sae_pilot_v1/formal/activations/shard_00_of_03/trace_index.jsonl",
  "trace_index_sha256": "0c597b4adbb327956d8a4468be14b0f0f58013d21dbff19f7fa37ca95631b043",
  "runtime": {
    "hostname": "c32",
    "platform": "Linux-5.19.9-1.el8.x86_64-x86_64-with-glibc2.28",
    "cuda_visible_devices": "0",
    "packages": {
      "python": "3.10.19",
      "torch": "2.10.0",
      "transformers": "4.48.3",
      "safetensors": "0.7.0"
    },
    "gpus": [
      {
        "index": "0",
        "name": "NVIDIA RTX 5000 Ada Generation",
        "memory_total_mib": "32760",
        "driver_version": "580.82.07"
      },
      {
        "index": "1",
        "name": "NVIDIA RTX 5000 Ada Generation",
        "memory_total_mib": "32760",
        "driver_version": "580.82.07"
      },
      {
        "index": "2",
        "name": "NVIDIA RTX 5000 Ada Generation",
        "memory_total_mib": "32760",
        "driver_version": "580.82.07"
      }
    ]
  },
  "source_code_sha256": "537950217ba3ff3fcbcb608d175cbcf6413ccfafac08dcdca1804aa4144c2b00",
  "formal_claim_allowed": false
}
