Loading checkpoint shards:   0%|          | 0/4 [00:00<?, ?it/s]Loading checkpoint shards:  25%|██▌       | 1/4 [00:00<00:02,  1.41it/s]Loading checkpoint shards:  50%|█████     | 2/4 [00:01<00:01,  1.39it/s]Loading checkpoint shards:  75%|███████▌  | 3/4 [00:01<00:00,  1.78it/s]Loading checkpoint shards: 100%|██████████| 4/4 [00:02<00:00,  2.18it/s]Loading checkpoint shards: 100%|██████████| 4/4 [00:02<00:00,  1.89it/s]
shard=2 traces=2/4670
shard=2 traces=102/4670
shard=2 traces=202/4670
shard=2 traces=302/4670
shard=2 traces=402/4670
shard=2 traces=502/4670
shard=2 traces=602/4670
shard=2 traces=702/4670
shard=2 traces=802/4670
shard=2 traces=902/4670
shard=2 traces=1002/4670
shard=2 traces=1102/4670
shard=2 traces=1202/4670
shard=2 traces=1302/4670
shard=2 traces=1402/4670
shard=2 traces=1502/4670
shard=2 traces=1602/4670
shard=2 traces=1702/4670
shard=2 traces=1802/4670
shard=2 traces=1902/4670
shard=2 traces=2002/4670
shard=2 traces=2102/4670
shard=2 traces=2202/4670
shard=2 traces=2302/4670
shard=2 traces=2402/4670
shard=2 traces=2502/4670
shard=2 traces=2602/4670
shard=2 traces=2702/4670
shard=2 traces=2802/4670
shard=2 traces=2902/4670
shard=2 traces=3002/4670
shard=2 traces=3102/4670
shard=2 traces=3202/4670
shard=2 traces=3302/4670
shard=2 traces=3402/4670
shard=2 traces=3502/4670
shard=2 traces=3602/4670
shard=2 traces=3702/4670
shard=2 traces=3802/4670
shard=2 traces=3902/4670
shard=2 traces=4002/4670
shard=2 traces=4102/4670
shard=2 traces=4202/4670
shard=2 traces=4302/4670
shard=2 traces=4402/4670
shard=2 traces=4502/4670
shard=2 traces=4602/4670
{
  "status": "complete",
  "experiment_name": "phase2_sae_pilot_v1",
  "config_hash": "501ba5f56aafcddceebdda328d448a40206413c06208a77be7ed5c45a50485e2",
  "config_path": "/home/youyang7/projects/SAE_long_short/results/phase2_sae_pilot_v1/formal/protocol/frozen_protocol.json",
  "config_sha256": "67ff12df5293fc91d731728be66db15392a544845cc8d9d117de01b62a289786",
  "corpus_path": "/home/youyang7/projects/SAE_long_short/results/phase2_sae_pilot_v1/formal/corpus/mixed_trajectories.jsonl",
  "corpus_sha256": "a4643aa73cf13e26aa43f4bcbf41d5798cfd161cd5433338f0d48c1bff7ef6c8",
  "shard_index": 2,
  "shard_count": 3,
  "trajectory_count": 4670,
  "token_count_per_layer": 1161544,
  "trace_index_path": "/home/youyang7/projects/SAE_long_short/results/phase2_sae_pilot_v1/formal/activations/shard_02_of_03/trace_index.jsonl",
  "trace_index_sha256": "6733e2838be28c15908c9883170c15380dc10f182e1f68bb30d6a5d2a69a2746",
  "runtime": {
    "hostname": "c32",
    "platform": "Linux-5.19.9-1.el8.x86_64-x86_64-with-glibc2.28",
    "cuda_visible_devices": "1",
    "packages": {
      "python": "3.10.19",
      "torch": "2.10.0",
      "transformers": "4.48.3",
      "safetensors": "0.7.0"
    },
    "gpus": [
      {
        "index": "0",
        "name": "NVIDIA RTX 5000 Ada Generation",
        "memory_total_mib": "32760",
        "driver_version": "580.82.07"
      },
      {
        "index": "1",
        "name": "NVIDIA RTX 5000 Ada Generation",
        "memory_total_mib": "32760",
        "driver_version": "580.82.07"
      },
      {
        "index": "2",
        "name": "NVIDIA RTX 5000 Ada Generation",
        "memory_total_mib": "32760",
        "driver_version": "580.82.07"
      }
    ]
  },
  "source_code_sha256": "537950217ba3ff3fcbcb608d175cbcf6413ccfafac08dcdca1804aa4144c2b00",
  "formal_claim_allowed": false
}
