Loading checkpoint shards:   0%|          | 0/4 [00:00<?, ?it/s]Loading checkpoint shards:  25%|██▌       | 1/4 [00:00<00:00,  7.51it/s]Loading checkpoint shards:  50%|█████     | 2/4 [00:00<00:00,  5.16it/s]Loading checkpoint shards:  75%|███████▌  | 3/4 [00:00<00:00,  5.79it/s]Loading checkpoint shards: 100%|██████████| 4/4 [00:00<00:00,  5.58it/s]Loading checkpoint shards: 100%|██████████| 4/4 [00:00<00:00,  5.66it/s]
{"event": "generation_progress", "stage": "main", "shard_index": 5, "candidate_index": 0, "processed_pairs": 2, "total_pairs": 102}
{"event": "generation_progress", "stage": "main", "shard_index": 5, "candidate_index": 0, "processed_pairs": 4, "total_pairs": 102}
{"event": "generation_progress", "stage": "main", "shard_index": 5, "candidate_index": 0, "processed_pairs": 6, "total_pairs": 102}
{"event": "generation_progress", "stage": "main", "shard_index": 5, "candidate_index": 0, "processed_pairs": 8, "total_pairs": 102}
{"event": "generation_progress", "stage": "main", "shard_index": 5, "candidate_index": 0, "processed_pairs": 10, "total_pairs": 102}
{"event": "generation_progress", "stage": "main", "shard_index": 5, "candidate_index": 0, "processed_pairs": 12, "total_pairs": 102}
{"event": "generation_progress", "stage": "main", "shard_index": 5, "candidate_index": 0, "processed_pairs": 14, "total_pairs": 102}
{"event": "generation_progress", "stage": "main", "shard_index": 5, "candidate_index": 0, "processed_pairs": 16, "total_pairs": 102}
{"event": "generation_progress", "stage": "main", "shard_index": 5, "candidate_index": 0, "processed_pairs": 18, "total_pairs": 102}
{"event": "generation_progress", "stage": "main", "shard_index": 5, "candidate_index": 0, "processed_pairs": 20, "total_pairs": 102}
{"event": "generation_progress", "stage": "main", "shard_index": 5, "candidate_index": 0, "processed_pairs": 22, "total_pairs": 102}
{"event": "generation_progress", "stage": "main", "shard_index": 5, "candidate_index": 0, "processed_pairs": 24, "total_pairs": 102}
{"event": "generation_progress", "stage": "main", "shard_index": 5, "candidate_index": 0, "processed_pairs": 26, "total_pairs": 102}
{"event": "generation_progress", "stage": "main", "shard_index": 5, "candidate_index": 0, "processed_pairs": 28, "total_pairs": 102}
{"event": "generation_progress", "stage": "main", "shard_index": 5, "candidate_index": 0, "processed_pairs": 30, "total_pairs": 102}
{"event": "generation_progress", "stage": "main", "shard_index": 5, "candidate_index": 0, "processed_pairs": 32, "total_pairs": 102}
{"event": "generation_progress", "stage": "main", "shard_index": 5, "candidate_index": 0, "processed_pairs": 34, "total_pairs": 102}
{"event": "generation_progress", "stage": "main", "shard_index": 5, "candidate_index": 0, "processed_pairs": 36, "total_pairs": 102}
{"event": "generation_progress", "stage": "main", "shard_index": 5, "candidate_index": 0, "processed_pairs": 38, "total_pairs": 102}
{"event": "generation_progress", "stage": "main", "shard_index": 5, "candidate_index": 0, "processed_pairs": 40, "total_pairs": 102}
{"event": "generation_progress", "stage": "main", "shard_index": 5, "candidate_index": 0, "processed_pairs": 42, "total_pairs": 102}
{"event": "generation_progress", "stage": "main", "shard_index": 5, "candidate_index": 0, "processed_pairs": 44, "total_pairs": 102}
{"event": "generation_progress", "stage": "main", "shard_index": 5, "candidate_index": 0, "processed_pairs": 46, "total_pairs": 102}
{"event": "generation_progress", "stage": "main", "shard_index": 5, "candidate_index": 0, "processed_pairs": 48, "total_pairs": 102}
{"event": "generation_progress", "stage": "main", "shard_index": 5, "candidate_index": 0, "processed_pairs": 50, "total_pairs": 102}
{"event": "generation_progress", "stage": "main", "shard_index": 5, "candidate_index": 0, "processed_pairs": 51, "total_pairs": 102}
{"event": "generation_progress", "stage": "main", "shard_index": 5, "candidate_index": 1, "processed_pairs": 53, "total_pairs": 102}
{"event": "generation_progress", "stage": "main", "shard_index": 5, "candidate_index": 1, "processed_pairs": 55, "total_pairs": 102}
{"event": "generation_progress", "stage": "main", "shard_index": 5, "candidate_index": 1, "processed_pairs": 57, "total_pairs": 102}
{"event": "generation_progress", "stage": "main", "shard_index": 5, "candidate_index": 1, "processed_pairs": 59, "total_pairs": 102}
{"event": "generation_progress", "stage": "main", "shard_index": 5, "candidate_index": 1, "processed_pairs": 61, "total_pairs": 102}
{"event": "generation_progress", "stage": "main", "shard_index": 5, "candidate_index": 1, "processed_pairs": 63, "total_pairs": 102}
{"event": "generation_progress", "stage": "main", "shard_index": 5, "candidate_index": 1, "processed_pairs": 65, "total_pairs": 102}
{"event": "generation_progress", "stage": "main", "shard_index": 5, "candidate_index": 1, "processed_pairs": 67, "total_pairs": 102}
{"event": "generation_progress", "stage": "main", "shard_index": 5, "candidate_index": 1, "processed_pairs": 69, "total_pairs": 102}
{"event": "generation_progress", "stage": "main", "shard_index": 5, "candidate_index": 1, "processed_pairs": 71, "total_pairs": 102}
{"event": "generation_progress", "stage": "main", "shard_index": 5, "candidate_index": 1, "processed_pairs": 73, "total_pairs": 102}
{"event": "generation_progress", "stage": "main", "shard_index": 5, "candidate_index": 1, "processed_pairs": 75, "total_pairs": 102}
{"event": "generation_progress", "stage": "main", "shard_index": 5, "candidate_index": 1, "processed_pairs": 77, "total_pairs": 102}
{"event": "generation_progress", "stage": "main", "shard_index": 5, "candidate_index": 1, "processed_pairs": 79, "total_pairs": 102}
{"event": "generation_progress", "stage": "main", "shard_index": 5, "candidate_index": 1, "processed_pairs": 81, "total_pairs": 102}
{"event": "generation_progress", "stage": "main", "shard_index": 5, "candidate_index": 1, "processed_pairs": 83, "total_pairs": 102}
{"event": "generation_progress", "stage": "main", "shard_index": 5, "candidate_index": 1, "processed_pairs": 85, "total_pairs": 102}
{"event": "generation_progress", "stage": "main", "shard_index": 5, "candidate_index": 1, "processed_pairs": 87, "total_pairs": 102}
{"event": "generation_progress", "stage": "main", "shard_index": 5, "candidate_index": 1, "processed_pairs": 89, "total_pairs": 102}
{"event": "generation_progress", "stage": "main", "shard_index": 5, "candidate_index": 1, "processed_pairs": 91, "total_pairs": 102}
{"event": "generation_progress", "stage": "main", "shard_index": 5, "candidate_index": 1, "processed_pairs": 93, "total_pairs": 102}
{"event": "generation_progress", "stage": "main", "shard_index": 5, "candidate_index": 1, "processed_pairs": 95, "total_pairs": 102}
{"event": "generation_progress", "stage": "main", "shard_index": 5, "candidate_index": 1, "processed_pairs": 97, "total_pairs": 102}
{"event": "generation_progress", "stage": "main", "shard_index": 5, "candidate_index": 1, "processed_pairs": 99, "total_pairs": 102}
{"event": "generation_progress", "stage": "main", "shard_index": 5, "candidate_index": 1, "processed_pairs": 101, "total_pairs": 102}
{"event": "generation_progress", "stage": "main", "shard_index": 5, "candidate_index": 1, "processed_pairs": 102, "total_pairs": 102}
{
  "status": "complete",
  "experiment_name": "phase3_sae_intervention_distillation_pilot_v1",
  "stage": "main",
  "config_hash": "c3bda5ba8bc07389e24cd9df5ac162e6c6c5162f0b7d3b6ea50e6dac2c367151",
  "config_path": "/home/youyang7/projects/SAE_long_short/results/phase3_sae_intervention_distillation_pilot_v1/exploratory/protocol/frozen_protocol.json",
  "config_sha256": "c7605ccf8c1d700c76eb252ddd48abac396d972481f35912389ea3893898e5bf",
  "shard_index": 5,
  "shard_count": 12,
  "problem_ids": [
    "hf-001248",
    "hf-000792",
    "hf-000024",
    "hf-000684",
    "hf-000259",
    "hf-001838",
    "hf-001743",
    "hf-001509",
    "hf-000512",
    "hf-000589",
    "hf-001523",
    "hf-000221",
    "hf-001905",
    "hf-000790",
    "hf-000396",
    "hf-001736",
    "hf-001938",
    "hf-001999",
    "hf-000972",
    "hf-001625",
    "hf-001356",
    "hf-001527",
    "hf-001772",
    "hf-001366",
    "hf-000057",
    "hf-001515",
    "hf-000295",
    "hf-001040",
    "hf-001561",
    "hf-000255",
    "hf-001305",
    "hf-000433",
    "hf-000084",
    "hf-000679",
    "hf-001782",
    "hf-001398",
    "hf-001926",
    "hf-001211",
    "hf-001984",
    "hf-000874",
    "hf-001939",
    "hf-001693",
    "hf-001439",
    "hf-000542",
    "hf-001350",
    "hf-001687",
    "hf-001055",
    "hf-000965",
    "hf-000725",
    "hf-001483",
    "hf-001560"
  ],
  "problem_ids_sha256": "663e3611de4b6f35e3717f060c4ce7d6fb7ddfc945ed7ca8a55cf5edfbe1bbb8",
  "problem_count": 51,
  "candidate_count_per_problem": 2,
  "pair_count": 102,
  "conditions": [
    {
      "name": "no_steering",
      "mode": "none",
      "strength": 0.0
    },
    {
      "name": "short_feature_enhance",
      "mode": "short_enhance",
      "strength": 1.0
    },
    {
      "name": "long_feature_suppress",
      "mode": "long_suppress",
      "strength": 0.25
    },
    {
      "name": "random_feature_enhance",
      "mode": "random_enhance",
      "strength": 1.0
    }
  ],
  "condition_counts": {
    "no_steering": {
      "records": 102,
      "correct": 101,
      "tokens": 24894
    },
    "short_feature_enhance": {
      "records": 102,
      "correct": 101,
      "tokens": 24778
    },
    "long_feature_suppress": {
      "records": 102,
      "correct": 101,
      "tokens": 24901
    },
    "random_feature_enhance": {
      "records": 102,
      "correct": 101,
      "tokens": 24621
    }
  },
  "common_prefix_audit": "passed",
  "strength_evidence": {
    "selection_path": "/home/youyang7/projects/SAE_long_short/results/phase3_sae_intervention_distillation_pilot_v1/exploratory/calibration/selected_strengths.json",
    "selection_sha256": "79dcc52d00bf038641adad25ecfc800f575e6afd7e2c56e2d7dc3a3bd9d58093",
    "marker_path": "/home/youyang7/projects/SAE_long_short/results/phase3_sae_intervention_distillation_pilot_v1/exploratory/calibration/CALIBRATION_COMPLETE",
    "marker_sha256": "3a6073479c4c016a417a25dc113488b69bacf1039d763420170a52f642038a3f"
  },
  "records_path": "/home/youyang7/projects/SAE_long_short/results/phase3_sae_intervention_distillation_pilot_v1/exploratory/main_generation_shards/shard_05_of_12/generations.jsonl",
  "records_sha256": "ca9cbbe8487ebd8aed5cf7c2f64108547f221813bdefbadb36b8a133c8b6744b",
  "elapsed_seconds": 1663.7856514453888,
  "runtime": {
    "hostname": "c32",
    "platform": "Linux-5.19.9-1.el8.x86_64-x86_64-with-glibc2.28",
    "cuda_visible_devices": "1",
    "packages": {
      "python": "3.10.19",
      "torch": "2.10.0",
      "transformers": "4.48.3",
      "safetensors": "0.7.0"
    },
    "gpus": [
      {
        "index": "0",
        "name": "NVIDIA RTX 5000 Ada Generation",
        "memory_total_mib": "32760",
        "driver_version": "580.82.07"
      },
      {
        "index": "1",
        "name": "NVIDIA RTX 5000 Ada Generation",
        "memory_total_mib": "32760",
        "driver_version": "580.82.07"
      },
      {
        "index": "2",
        "name": "NVIDIA RTX 5000 Ada Generation",
        "memory_total_mib": "32760",
        "driver_version": "580.82.07"
      }
    ]
  },
  "source_code_sha256": "db112669ac047d5b9df55d7718adba2dbeb9becc792f16d090e23d4d5853136f",
  "library_code_sha256": "86415ead2d77cd27190c5a7f3424375962330baa6fba64488a69b2bc7f7f1397",
  "formal_claim_allowed": false
}
