{"event": "analysis_start", "layer_index": 17, "k": 64, "discovery_traces": 1026, "confirmation_traces": 1040, "feature_count": 28672}
{"event": "encoding_progress", "split": "dev", "chunk": 25, "chunks": 108, "selected_tokens": 67804}
{"event": "encoding_progress", "split": "dev", "chunk": 50, "chunks": 108, "selected_tokens": 122167}
{"event": "encoding_progress", "split": "dev", "chunk": 75, "chunks": 108, "selected_tokens": 187181}
{"event": "encoding_progress", "split": "dev", "chunk": 100, "chunks": 108, "selected_tokens": 249919}
{"event": "encoding_progress", "split": "test", "chunk": 25, "chunks": 108, "selected_tokens": 56719}
{"event": "encoding_progress", "split": "test", "chunk": 50, "chunks": 108, "selected_tokens": 116207}
{"event": "encoding_progress", "split": "test", "chunk": 75, "chunks": 108, "selected_tokens": 175057}
{"event": "encoding_progress", "split": "test", "chunk": 100, "chunks": 108, "selected_tokens": 241168}
{
  "status": "complete",
  "experiment_name": "phase2_short_long_feature_analysis_v1",
  "config_hash": "59ea29a5d2179cf33bb7c45d2a0cf627f2f93b77d3ab0664e4df038e0fa89342",
  "config_path": "/home/youyang7/projects/SAE_long_short/results/phase2_short_long_feature_analysis_v1/exploratory/protocol/frozen_protocol.json",
  "config_sha256": "edebe5e825da81ad77d3495574c775c3b69b124fb0dbd7b52e0d59c6032c96b6",
  "layer_index": 17,
  "k": 64,
  "feature_count": 28672,
  "discovery_trace_count": 1026,
  "confirmation_trace_count": 1040,
  "discovery_question_count": 132,
  "confirmation_question_count": 132,
  "candidate_count": 24,
  "discovery_gate_pass_count": 24,
  "heldout_confirmed_count": 13,
  "short_confirmed_count": 5,
  "long_confirmed_count": 8,
  "elapsed_seconds": 25.11516523361206,
  "input_evidence": {
    "parent_marker_path": "/home/youyang7/projects/SAE_long_short/results/phase2_sae_pilot_v1/SAE_PILOT_COMPLETE",
    "parent_marker_sha256": "d9981eb3cdae01145210e61ef70a61c8c410b8c998a528abee0ab03fdae74bc6",
    "training_marker_path": "/home/youyang7/projects/SAE_long_short/results/phase2_sae_pilot_v1/formal/sae_training/layer_17_k_064/SAE_TRAINING_COMPLETE",
    "training_marker_sha256": "a3c75f8d81cc65012c86e63779b3507b298a586ded265611c0b580da9390c5d7",
    "checkpoint_path": "/home/youyang7/projects/SAE_long_short/checkpoints/phase2_sae_pilot_v1/layer_17_k_064/sae_model.safetensors",
    "checkpoint_sha256": "4ac3a3386f7998976e15c782b3280cb0e457e9d638737c6c8f3241c5322fb1ae",
    "activation_shards": [
      {
        "manifest_path": "/home/youyang7/projects/SAE_long_short/results/phase2_sae_pilot_v1/formal/activations/shard_00_of_03/activation_manifest.json",
        "manifest_sha256": "fe3f3f029716b87b1ac12ca6180bb9d6fad34594322758e216eca7fde1dd223d",
        "marker_path": "/home/youyang7/projects/SAE_long_short/results/phase2_sae_pilot_v1/formal/activations/shard_00_of_03/ACTIVATIONS_COMPLETE",
        "marker_sha256": "9cc0bc4eab6d35f69488ca5c68dee8ababb51e6d8e4ed556e45d9ecbd9bceecb",
        "layer_token_count": 1184659
      },
      {
        "manifest_path": "/home/youyang7/projects/SAE_long_short/results/phase2_sae_pilot_v1/formal/activations/shard_01_of_03/activation_manifest.json",
        "manifest_sha256": "0fa693411fb61083a94a111daffdffbf4c6e3e8fdca1f2da241490105c2250d5",
        "marker_path": "/home/youyang7/projects/SAE_long_short/results/phase2_sae_pilot_v1/formal/activations/shard_01_of_03/ACTIVATIONS_COMPLETE",
        "marker_sha256": "ab3e7a6f0628230a00d808ffa92577781d72e3d17305b3bf8622f043e1cf2db7",
        "layer_token_count": 1163491
      },
      {
        "manifest_path": "/home/youyang7/projects/SAE_long_short/results/phase2_sae_pilot_v1/formal/activations/shard_02_of_03/activation_manifest.json",
        "manifest_sha256": "05572eaf94434f7609bbcc569d854f18a80912a589802cda48ab82119d4f364a",
        "marker_path": "/home/youyang7/projects/SAE_long_short/results/phase2_sae_pilot_v1/formal/activations/shard_02_of_03/ACTIVATIONS_COMPLETE",
        "marker_sha256": "03ff65bcdc896e0bddf96fe6f7fb65d2c40bd40616d6128f56d63d2dba339b10",
        "layer_token_count": 1161544
      }
    ]
  },
  "artifacts": {
    "feature_statistics.csv": {
      "path": "/home/youyang7/projects/SAE_long_short/results/phase2_short_long_feature_analysis_v1/exploratory/feature_scores/layer_17_k_064/feature_statistics.csv",
      "sha256": "f5d5672ff0748450a817b1144ed6b24713de58ec273b95b3464d15bdec98669c"
    },
    "discovered_features.json": {
      "path": "/home/youyang7/projects/SAE_long_short/results/phase2_short_long_feature_analysis_v1/exploratory/feature_scores/layer_17_k_064/discovered_features.json",
      "sha256": "6f52e39b35aedefd5db8680a213ce746a9ddad2dd2822603cce4bdb1c6a1a046"
    },
    "selected_trace_metrics.csv": {
      "path": "/home/youyang7/projects/SAE_long_short/results/phase2_short_long_feature_analysis_v1/exploratory/feature_scores/layer_17_k_064/selected_trace_metrics.csv",
      "sha256": "18e8e2bf274de2bf0a9b61358effa24be6686bf3344866ea2651b21ed07958d0"
    },
    "selected_feature_token_events.jsonl": {
      "path": "/home/youyang7/projects/SAE_long_short/results/phase2_short_long_feature_analysis_v1/exploratory/feature_scores/layer_17_k_064/selected_feature_token_events.jsonl",
      "sha256": "5d81dd9690e9a67e10a822b5eefa9b660fb10d384d3126882438844c28785f0a"
    },
    "test_token_frequency.csv": {
      "path": "/home/youyang7/projects/SAE_long_short/results/phase2_short_long_feature_analysis_v1/exploratory/feature_scores/layer_17_k_064/test_token_frequency.csv",
      "sha256": "360f1fde1397933126b172a75fae0add85ea4be4fc206c504b003bd51ae85e2a"
    },
    "selected_feature_relative_position.csv": {
      "path": "/home/youyang7/projects/SAE_long_short/results/phase2_short_long_feature_analysis_v1/exploratory/feature_scores/layer_17_k_064/selected_feature_relative_position.csv",
      "sha256": "616b32df5e124063f386be067ca27187f2052adc325932b7fd6552ac0a5345b9"
    }
  },
  "runtime": {
    "hostname": "c49",
    "platform": "Linux-5.19.9-1.el8.x86_64-x86_64-with-glibc2.28",
    "cuda_visible_devices": "0",
    "packages": {
      "python": "3.10.19",
      "torch": "2.10.0",
      "numpy": "1.26.4",
      "scipy": "1.15.3",
      "safetensors": "0.7.0"
    },
    "gpus": [
      {
        "index": "0",
        "name": "NVIDIA RTX 5000 Ada Generation",
        "memory_total_mib": "32760",
        "driver_version": "580.82.07"
      },
      {
        "index": "1",
        "name": "NVIDIA RTX 5000 Ada Generation",
        "memory_total_mib": "32760",
        "driver_version": "580.82.07"
      },
      {
        "index": "2",
        "name": "NVIDIA RTX 5000 Ada Generation",
        "memory_total_mib": "32760",
        "driver_version": "580.82.07"
      }
    ]
  },
  "source_code_sha256": "33b3b9d3d3f5b5fc05b323b377cb6884b772c01b74b782544d2c9d9d01816977",
  "library_code_sha256": "8425d73bc875314e8f67cf0d482130de9de56b10dab7769f307d177fc413163d",
  "formal_claim_allowed": false,
  "claim_boundary": "The analysis can identify reproducible short-associated and long-associated SAE features. It cannot establish student utility, semantic identity, or causal effects."
}
