Sat Sep  5 06:19:53 2026       
+-----------------------------------------------------------------------------------------+
| NVIDIA-SMI 580.82.07              Driver Version: 580.82.07      CUDA Version: 13.0     |
+-----------------------------------------+------------------------+----------------------+
| GPU  Name                 Persistence-M | Bus-Id          Disp.A | Volatile Uncorr. ECC |
| Fan  Temp   Perf          Pwr:Usage/Cap |           Memory-Usage | GPU-Util  Compute M. |
|                                         |                        |               MIG M. |
|=========================================+========================+======================|
|   0  NVIDIA RTX A6000               On  |   00000000:01:00.0 Off |                  Off |
| 39%   67C    P2            199W /  200W |   17055MiB /  49140MiB |    100%      Default |
|                                         |                        |                  N/A |
+-----------------------------------------+------------------------+----------------------+
|   1  NVIDIA RTX A6000               On  |   00000000:41:00.0 Off |                  Off |
| 30%   51C    P2            132W /  200W |    1296MiB /  49140MiB |     41%      Default |
|                                         |                        |                  N/A |
+-----------------------------------------+------------------------+----------------------+
|   2  NVIDIA RTX A6000               On  |   00000000:81:00.0 Off |                  Off |
| 30%   54C    P2            132W /  200W |    1296MiB /  49140MiB |     40%      Default |
|                                         |                        |                  N/A |
+-----------------------------------------+------------------------+----------------------+
|   3  NVIDIA RTX A6000               On  |   00000000:C1:00.0 Off |                  Off |
| 30%   51C    P2            128W /  200W |    1296MiB /  49140MiB |     39%      Default |
|                                         |                        |                  N/A |
+-----------------------------------------+------------------------+----------------------+

+-----------------------------------------------------------------------------------------+
| Processes:                                                                              |
|  GPU   GI   CI              PID   Type   Process name                        GPU Memory |
|        ID   ID                                                               Usage      |
|=========================================================================================|
|    0   N/A  N/A          523936      C   ...vs/rpec_lion_py312/bin/python      15754MiB |
|    0   N/A  N/A         3641256      C   /home/youyang7/bin/gg                  1286MiB |
|    1   N/A  N/A         3641256      C   /home/youyang7/bin/gg                  1286MiB |
|    2   N/A  N/A         3641256      C   /home/youyang7/bin/gg                  1286MiB |
|    3   N/A  N/A         3641256      C   /home/youyang7/bin/gg                  1286MiB |
+-----------------------------------------------------------------------------------------+
Waiting for memory capacity without interference: eligible=4/4.
0, 17055 MiB, 31485 MiB, 100 %
1, 1296 MiB, 47245 MiB, 40 %
2, 1296 MiB, 47245 MiB, 40 %
3, 1296 MiB, 47245 MiB, 45 %
Selected stable memory-fit GPUs by descending free memory on c31: 1 2 3 0
