Loading checkpoint shards:   0%|          | 0/4 [00:00<?, ?it/s]Loading checkpoint shards:  25%|██▌       | 1/4 [00:00<00:00,  6.49it/s]Loading checkpoint shards:  50%|█████     | 2/4 [00:00<00:00,  6.73it/s]Loading checkpoint shards:  75%|███████▌  | 3/4 [00:00<00:00,  5.51it/s]Loading checkpoint shards: 100%|██████████| 4/4 [00:00<00:00,  6.02it/s]Loading checkpoint shards: 100%|██████████| 4/4 [00:00<00:00,  6.04it/s]
{"event": "generation_progress", "stage": "main", "shard_index": 6, "candidate_index": 0, "processed_pairs": 2, "total_pairs": 102}
{"event": "generation_progress", "stage": "main", "shard_index": 6, "candidate_index": 0, "processed_pairs": 4, "total_pairs": 102}
{"event": "generation_progress", "stage": "main", "shard_index": 6, "candidate_index": 0, "processed_pairs": 6, "total_pairs": 102}
{"event": "generation_progress", "stage": "main", "shard_index": 6, "candidate_index": 0, "processed_pairs": 8, "total_pairs": 102}
{"event": "generation_progress", "stage": "main", "shard_index": 6, "candidate_index": 0, "processed_pairs": 10, "total_pairs": 102}
{"event": "generation_progress", "stage": "main", "shard_index": 6, "candidate_index": 0, "processed_pairs": 12, "total_pairs": 102}
{"event": "generation_progress", "stage": "main", "shard_index": 6, "candidate_index": 0, "processed_pairs": 14, "total_pairs": 102}
{"event": "generation_progress", "stage": "main", "shard_index": 6, "candidate_index": 0, "processed_pairs": 16, "total_pairs": 102}
{"event": "generation_progress", "stage": "main", "shard_index": 6, "candidate_index": 0, "processed_pairs": 18, "total_pairs": 102}
{"event": "generation_progress", "stage": "main", "shard_index": 6, "candidate_index": 0, "processed_pairs": 20, "total_pairs": 102}
{"event": "generation_progress", "stage": "main", "shard_index": 6, "candidate_index": 0, "processed_pairs": 22, "total_pairs": 102}
{"event": "generation_progress", "stage": "main", "shard_index": 6, "candidate_index": 0, "processed_pairs": 24, "total_pairs": 102}
{"event": "generation_progress", "stage": "main", "shard_index": 6, "candidate_index": 0, "processed_pairs": 26, "total_pairs": 102}
{"event": "generation_progress", "stage": "main", "shard_index": 6, "candidate_index": 0, "processed_pairs": 28, "total_pairs": 102}
{"event": "generation_progress", "stage": "main", "shard_index": 6, "candidate_index": 0, "processed_pairs": 30, "total_pairs": 102}
{"event": "generation_progress", "stage": "main", "shard_index": 6, "candidate_index": 0, "processed_pairs": 32, "total_pairs": 102}
{"event": "generation_progress", "stage": "main", "shard_index": 6, "candidate_index": 0, "processed_pairs": 34, "total_pairs": 102}
{"event": "generation_progress", "stage": "main", "shard_index": 6, "candidate_index": 0, "processed_pairs": 36, "total_pairs": 102}
{"event": "generation_progress", "stage": "main", "shard_index": 6, "candidate_index": 0, "processed_pairs": 38, "total_pairs": 102}
{"event": "generation_progress", "stage": "main", "shard_index": 6, "candidate_index": 0, "processed_pairs": 40, "total_pairs": 102}
{"event": "generation_progress", "stage": "main", "shard_index": 6, "candidate_index": 0, "processed_pairs": 42, "total_pairs": 102}
{"event": "generation_progress", "stage": "main", "shard_index": 6, "candidate_index": 0, "processed_pairs": 44, "total_pairs": 102}
{"event": "generation_progress", "stage": "main", "shard_index": 6, "candidate_index": 0, "processed_pairs": 46, "total_pairs": 102}
{"event": "generation_progress", "stage": "main", "shard_index": 6, "candidate_index": 0, "processed_pairs": 48, "total_pairs": 102}
{"event": "generation_progress", "stage": "main", "shard_index": 6, "candidate_index": 0, "processed_pairs": 50, "total_pairs": 102}
{"event": "generation_progress", "stage": "main", "shard_index": 6, "candidate_index": 0, "processed_pairs": 51, "total_pairs": 102}
{"event": "generation_progress", "stage": "main", "shard_index": 6, "candidate_index": 1, "processed_pairs": 53, "total_pairs": 102}
{"event": "generation_progress", "stage": "main", "shard_index": 6, "candidate_index": 1, "processed_pairs": 55, "total_pairs": 102}
{"event": "generation_progress", "stage": "main", "shard_index": 6, "candidate_index": 1, "processed_pairs": 57, "total_pairs": 102}
{"event": "generation_progress", "stage": "main", "shard_index": 6, "candidate_index": 1, "processed_pairs": 59, "total_pairs": 102}
{"event": "generation_progress", "stage": "main", "shard_index": 6, "candidate_index": 1, "processed_pairs": 61, "total_pairs": 102}
{"event": "generation_progress", "stage": "main", "shard_index": 6, "candidate_index": 1, "processed_pairs": 63, "total_pairs": 102}
{"event": "generation_progress", "stage": "main", "shard_index": 6, "candidate_index": 1, "processed_pairs": 65, "total_pairs": 102}
{"event": "generation_progress", "stage": "main", "shard_index": 6, "candidate_index": 1, "processed_pairs": 67, "total_pairs": 102}
{"event": "generation_progress", "stage": "main", "shard_index": 6, "candidate_index": 1, "processed_pairs": 69, "total_pairs": 102}
{"event": "generation_progress", "stage": "main", "shard_index": 6, "candidate_index": 1, "processed_pairs": 71, "total_pairs": 102}
{"event": "generation_progress", "stage": "main", "shard_index": 6, "candidate_index": 1, "processed_pairs": 73, "total_pairs": 102}
{"event": "generation_progress", "stage": "main", "shard_index": 6, "candidate_index": 1, "processed_pairs": 75, "total_pairs": 102}
{"event": "generation_progress", "stage": "main", "shard_index": 6, "candidate_index": 1, "processed_pairs": 77, "total_pairs": 102}
{"event": "generation_progress", "stage": "main", "shard_index": 6, "candidate_index": 1, "processed_pairs": 79, "total_pairs": 102}
{"event": "generation_progress", "stage": "main", "shard_index": 6, "candidate_index": 1, "processed_pairs": 81, "total_pairs": 102}
{"event": "generation_progress", "stage": "main", "shard_index": 6, "candidate_index": 1, "processed_pairs": 83, "total_pairs": 102}
{"event": "generation_progress", "stage": "main", "shard_index": 6, "candidate_index": 1, "processed_pairs": 85, "total_pairs": 102}
{"event": "generation_progress", "stage": "main", "shard_index": 6, "candidate_index": 1, "processed_pairs": 87, "total_pairs": 102}
{"event": "generation_progress", "stage": "main", "shard_index": 6, "candidate_index": 1, "processed_pairs": 89, "total_pairs": 102}
{"event": "generation_progress", "stage": "main", "shard_index": 6, "candidate_index": 1, "processed_pairs": 91, "total_pairs": 102}
{"event": "generation_progress", "stage": "main", "shard_index": 6, "candidate_index": 1, "processed_pairs": 93, "total_pairs": 102}
{"event": "generation_progress", "stage": "main", "shard_index": 6, "candidate_index": 1, "processed_pairs": 95, "total_pairs": 102}
{"event": "generation_progress", "stage": "main", "shard_index": 6, "candidate_index": 1, "processed_pairs": 97, "total_pairs": 102}
{"event": "generation_progress", "stage": "main", "shard_index": 6, "candidate_index": 1, "processed_pairs": 99, "total_pairs": 102}
{"event": "generation_progress", "stage": "main", "shard_index": 6, "candidate_index": 1, "processed_pairs": 101, "total_pairs": 102}
{"event": "generation_progress", "stage": "main", "shard_index": 6, "candidate_index": 1, "processed_pairs": 102, "total_pairs": 102}
{
  "status": "complete",
  "experiment_name": "phase3_sae_intervention_distillation_pilot_v1",
  "stage": "main",
  "config_hash": "c3bda5ba8bc07389e24cd9df5ac162e6c6c5162f0b7d3b6ea50e6dac2c367151",
  "config_path": "/home/youyang7/projects/SAE_long_short/results/phase3_sae_intervention_distillation_pilot_v1/exploratory/protocol/frozen_protocol.json",
  "config_sha256": "c7605ccf8c1d700c76eb252ddd48abac396d972481f35912389ea3893898e5bf",
  "shard_index": 6,
  "shard_count": 12,
  "problem_ids": [
    "hf-001640",
    "hf-000564",
    "hf-001240",
    "hf-000554",
    "hf-001136",
    "hf-000016",
    "hf-001666",
    "hf-000112",
    "hf-000375",
    "hf-001453",
    "hf-001863",
    "hf-001022",
    "hf-001796",
    "hf-000165",
    "hf-000563",
    "hf-000909",
    "hf-000340",
    "hf-000741",
    "hf-000445",
    "hf-001421",
    "hf-000049",
    "hf-000449",
    "hf-000064",
    "hf-000539",
    "hf-001998",
    "hf-000971",
    "hf-000041",
    "hf-001033",
    "hf-000895",
    "hf-001572",
    "hf-000776",
    "hf-000608",
    "hf-001847",
    "hf-001264",
    "hf-001262",
    "hf-000263",
    "hf-000046",
    "hf-001960",
    "hf-001641",
    "hf-001234",
    "hf-001400",
    "hf-001296",
    "hf-001691",
    "hf-000203",
    "hf-001441",
    "hf-001695",
    "hf-001297",
    "hf-000875",
    "hf-001761",
    "hf-001610",
    "hf-001259"
  ],
  "problem_ids_sha256": "9680b717d9472bd454411b07ec5caf0999b8e0d0b78a0e1eb5c6d3eff63353ad",
  "problem_count": 51,
  "candidate_count_per_problem": 2,
  "pair_count": 102,
  "conditions": [
    {
      "name": "no_steering",
      "mode": "none",
      "strength": 0.0
    },
    {
      "name": "short_feature_enhance",
      "mode": "short_enhance",
      "strength": 1.0
    },
    {
      "name": "long_feature_suppress",
      "mode": "long_suppress",
      "strength": 0.25
    },
    {
      "name": "random_feature_enhance",
      "mode": "random_enhance",
      "strength": 1.0
    }
  ],
  "condition_counts": {
    "no_steering": {
      "records": 102,
      "correct": 102,
      "tokens": 26325
    },
    "short_feature_enhance": {
      "records": 102,
      "correct": 102,
      "tokens": 26153
    },
    "long_feature_suppress": {
      "records": 102,
      "correct": 100,
      "tokens": 26630
    },
    "random_feature_enhance": {
      "records": 102,
      "correct": 101,
      "tokens": 26269
    }
  },
  "common_prefix_audit": "passed",
  "strength_evidence": {
    "selection_path": "/home/youyang7/projects/SAE_long_short/results/phase3_sae_intervention_distillation_pilot_v1/exploratory/calibration/selected_strengths.json",
    "selection_sha256": "79dcc52d00bf038641adad25ecfc800f575e6afd7e2c56e2d7dc3a3bd9d58093",
    "marker_path": "/home/youyang7/projects/SAE_long_short/results/phase3_sae_intervention_distillation_pilot_v1/exploratory/calibration/CALIBRATION_COMPLETE",
    "marker_sha256": "3a6073479c4c016a417a25dc113488b69bacf1039d763420170a52f642038a3f"
  },
  "records_path": "/home/youyang7/projects/SAE_long_short/results/phase3_sae_intervention_distillation_pilot_v1/exploratory/main_generation_shards/shard_06_of_12/generations.jsonl",
  "records_sha256": "7e72c91815cc456dd7f11ca8e0518d8203da1478b87ae084da21e7021159c44a",
  "elapsed_seconds": 1843.8760981559753,
  "runtime": {
    "hostname": "c32",
    "platform": "Linux-5.19.9-1.el8.x86_64-x86_64-with-glibc2.28",
    "cuda_visible_devices": "2",
    "packages": {
      "python": "3.10.19",
      "torch": "2.10.0",
      "transformers": "4.48.3",
      "safetensors": "0.7.0"
    },
    "gpus": [
      {
        "index": "0",
        "name": "NVIDIA RTX 5000 Ada Generation",
        "memory_total_mib": "32760",
        "driver_version": "580.82.07"
      },
      {
        "index": "1",
        "name": "NVIDIA RTX 5000 Ada Generation",
        "memory_total_mib": "32760",
        "driver_version": "580.82.07"
      },
      {
        "index": "2",
        "name": "NVIDIA RTX 5000 Ada Generation",
        "memory_total_mib": "32760",
        "driver_version": "580.82.07"
      }
    ]
  },
  "source_code_sha256": "db112669ac047d5b9df55d7718adba2dbeb9becc792f16d090e23d4d5853136f",
  "library_code_sha256": "86415ead2d77cd27190c5a7f3424375962330baa6fba64488a69b2bc7f7f1397",
  "formal_claim_allowed": false
}
