Loading checkpoint shards:   0%|          | 0/4 [00:00<?, ?it/s]Loading checkpoint shards:  50%|█████     | 2/4 [00:00<00:00, 11.52it/s]Loading checkpoint shards: 100%|██████████| 4/4 [00:00<00:00, 12.46it/s]Loading checkpoint shards: 100%|██████████| 4/4 [00:00<00:00, 12.30it/s]
{"event": "generation_progress", "stage": "main", "shard_index": 10, "candidate_index": 0, "processed_pairs": 2, "total_pairs": 102}
{"event": "generation_progress", "stage": "main", "shard_index": 10, "candidate_index": 0, "processed_pairs": 4, "total_pairs": 102}
{"event": "generation_progress", "stage": "main", "shard_index": 10, "candidate_index": 0, "processed_pairs": 6, "total_pairs": 102}
{"event": "generation_progress", "stage": "main", "shard_index": 10, "candidate_index": 0, "processed_pairs": 8, "total_pairs": 102}
{"event": "generation_progress", "stage": "main", "shard_index": 10, "candidate_index": 0, "processed_pairs": 10, "total_pairs": 102}
{"event": "generation_progress", "stage": "main", "shard_index": 10, "candidate_index": 0, "processed_pairs": 12, "total_pairs": 102}
{"event": "generation_progress", "stage": "main", "shard_index": 10, "candidate_index": 0, "processed_pairs": 14, "total_pairs": 102}
{"event": "generation_progress", "stage": "main", "shard_index": 10, "candidate_index": 0, "processed_pairs": 16, "total_pairs": 102}
{"event": "generation_progress", "stage": "main", "shard_index": 10, "candidate_index": 0, "processed_pairs": 18, "total_pairs": 102}
{"event": "generation_progress", "stage": "main", "shard_index": 10, "candidate_index": 0, "processed_pairs": 20, "total_pairs": 102}
{"event": "generation_progress", "stage": "main", "shard_index": 10, "candidate_index": 0, "processed_pairs": 22, "total_pairs": 102}
{"event": "generation_progress", "stage": "main", "shard_index": 10, "candidate_index": 0, "processed_pairs": 24, "total_pairs": 102}
{"event": "generation_progress", "stage": "main", "shard_index": 10, "candidate_index": 0, "processed_pairs": 26, "total_pairs": 102}
{"event": "generation_progress", "stage": "main", "shard_index": 10, "candidate_index": 0, "processed_pairs": 28, "total_pairs": 102}
{"event": "generation_progress", "stage": "main", "shard_index": 10, "candidate_index": 0, "processed_pairs": 30, "total_pairs": 102}
{"event": "generation_progress", "stage": "main", "shard_index": 10, "candidate_index": 0, "processed_pairs": 32, "total_pairs": 102}
{"event": "generation_progress", "stage": "main", "shard_index": 10, "candidate_index": 0, "processed_pairs": 34, "total_pairs": 102}
{"event": "generation_progress", "stage": "main", "shard_index": 10, "candidate_index": 0, "processed_pairs": 36, "total_pairs": 102}
{"event": "generation_progress", "stage": "main", "shard_index": 10, "candidate_index": 0, "processed_pairs": 38, "total_pairs": 102}
{"event": "generation_progress", "stage": "main", "shard_index": 10, "candidate_index": 0, "processed_pairs": 40, "total_pairs": 102}
{"event": "generation_progress", "stage": "main", "shard_index": 10, "candidate_index": 0, "processed_pairs": 42, "total_pairs": 102}
{"event": "generation_progress", "stage": "main", "shard_index": 10, "candidate_index": 0, "processed_pairs": 44, "total_pairs": 102}
{"event": "generation_progress", "stage": "main", "shard_index": 10, "candidate_index": 0, "processed_pairs": 46, "total_pairs": 102}
{"event": "generation_progress", "stage": "main", "shard_index": 10, "candidate_index": 0, "processed_pairs": 48, "total_pairs": 102}
{"event": "generation_progress", "stage": "main", "shard_index": 10, "candidate_index": 0, "processed_pairs": 50, "total_pairs": 102}
{"event": "generation_progress", "stage": "main", "shard_index": 10, "candidate_index": 0, "processed_pairs": 51, "total_pairs": 102}
{"event": "generation_progress", "stage": "main", "shard_index": 10, "candidate_index": 1, "processed_pairs": 53, "total_pairs": 102}
{"event": "generation_progress", "stage": "main", "shard_index": 10, "candidate_index": 1, "processed_pairs": 55, "total_pairs": 102}
{"event": "generation_progress", "stage": "main", "shard_index": 10, "candidate_index": 1, "processed_pairs": 57, "total_pairs": 102}
{"event": "generation_progress", "stage": "main", "shard_index": 10, "candidate_index": 1, "processed_pairs": 59, "total_pairs": 102}
{"event": "generation_progress", "stage": "main", "shard_index": 10, "candidate_index": 1, "processed_pairs": 61, "total_pairs": 102}
{"event": "generation_progress", "stage": "main", "shard_index": 10, "candidate_index": 1, "processed_pairs": 63, "total_pairs": 102}
{"event": "generation_progress", "stage": "main", "shard_index": 10, "candidate_index": 1, "processed_pairs": 65, "total_pairs": 102}
{"event": "generation_progress", "stage": "main", "shard_index": 10, "candidate_index": 1, "processed_pairs": 67, "total_pairs": 102}
{"event": "generation_progress", "stage": "main", "shard_index": 10, "candidate_index": 1, "processed_pairs": 69, "total_pairs": 102}
{"event": "generation_progress", "stage": "main", "shard_index": 10, "candidate_index": 1, "processed_pairs": 71, "total_pairs": 102}
{"event": "generation_progress", "stage": "main", "shard_index": 10, "candidate_index": 1, "processed_pairs": 73, "total_pairs": 102}
{"event": "generation_progress", "stage": "main", "shard_index": 10, "candidate_index": 1, "processed_pairs": 75, "total_pairs": 102}
{"event": "generation_progress", "stage": "main", "shard_index": 10, "candidate_index": 1, "processed_pairs": 77, "total_pairs": 102}
{"event": "generation_progress", "stage": "main", "shard_index": 10, "candidate_index": 1, "processed_pairs": 79, "total_pairs": 102}
{"event": "generation_progress", "stage": "main", "shard_index": 10, "candidate_index": 1, "processed_pairs": 81, "total_pairs": 102}
{"event": "generation_progress", "stage": "main", "shard_index": 10, "candidate_index": 1, "processed_pairs": 83, "total_pairs": 102}
{"event": "generation_progress", "stage": "main", "shard_index": 10, "candidate_index": 1, "processed_pairs": 85, "total_pairs": 102}
{"event": "generation_progress", "stage": "main", "shard_index": 10, "candidate_index": 1, "processed_pairs": 87, "total_pairs": 102}
{"event": "generation_progress", "stage": "main", "shard_index": 10, "candidate_index": 1, "processed_pairs": 89, "total_pairs": 102}
{"event": "generation_progress", "stage": "main", "shard_index": 10, "candidate_index": 1, "processed_pairs": 91, "total_pairs": 102}
{"event": "generation_progress", "stage": "main", "shard_index": 10, "candidate_index": 1, "processed_pairs": 93, "total_pairs": 102}
{"event": "generation_progress", "stage": "main", "shard_index": 10, "candidate_index": 1, "processed_pairs": 95, "total_pairs": 102}
{"event": "generation_progress", "stage": "main", "shard_index": 10, "candidate_index": 1, "processed_pairs": 97, "total_pairs": 102}
{"event": "generation_progress", "stage": "main", "shard_index": 10, "candidate_index": 1, "processed_pairs": 99, "total_pairs": 102}
{"event": "generation_progress", "stage": "main", "shard_index": 10, "candidate_index": 1, "processed_pairs": 101, "total_pairs": 102}
{"event": "generation_progress", "stage": "main", "shard_index": 10, "candidate_index": 1, "processed_pairs": 102, "total_pairs": 102}
{
  "status": "complete",
  "experiment_name": "phase3_sae_intervention_distillation_pilot_v1",
  "stage": "main",
  "config_hash": "c3bda5ba8bc07389e24cd9df5ac162e6c6c5162f0b7d3b6ea50e6dac2c367151",
  "config_path": "/home/youyang7/projects/SAE_long_short/results/phase3_sae_intervention_distillation_pilot_v1/exploratory/protocol/frozen_protocol.json",
  "config_sha256": "c7605ccf8c1d700c76eb252ddd48abac396d972481f35912389ea3893898e5bf",
  "shard_index": 10,
  "shard_count": 12,
  "problem_ids": [
    "hf-000482",
    "hf-001093",
    "hf-000070",
    "hf-001293",
    "hf-000955",
    "hf-000119",
    "hf-000552",
    "hf-000281",
    "hf-000935",
    "hf-001132",
    "hf-000207",
    "hf-001818",
    "hf-001886",
    "hf-000924",
    "hf-001574",
    "hf-001316",
    "hf-001488",
    "hf-000398",
    "hf-001852",
    "hf-001725",
    "hf-001469",
    "hf-001008",
    "hf-001854",
    "hf-000078",
    "hf-000856",
    "hf-000518",
    "hf-000906",
    "hf-000751",
    "hf-000114",
    "hf-001481",
    "hf-000660",
    "hf-000923",
    "hf-000646",
    "hf-001629",
    "hf-001662",
    "hf-000843",
    "hf-001701",
    "hf-001357",
    "hf-001812",
    "hf-000810",
    "hf-000492",
    "hf-000088",
    "hf-000517",
    "hf-000170",
    "hf-001044",
    "hf-001714",
    "hf-001294",
    "hf-001372",
    "hf-001850",
    "hf-000499",
    "hf-000677"
  ],
  "problem_ids_sha256": "a420b017fbaee842f681d68182dd721f8ef5566775adb8c7ee5a8341d12cf1e2",
  "problem_count": 51,
  "candidate_count_per_problem": 2,
  "pair_count": 102,
  "conditions": [
    {
      "name": "no_steering",
      "mode": "none",
      "strength": 0.0
    },
    {
      "name": "short_feature_enhance",
      "mode": "short_enhance",
      "strength": 1.0
    },
    {
      "name": "long_feature_suppress",
      "mode": "long_suppress",
      "strength": 0.25
    },
    {
      "name": "random_feature_enhance",
      "mode": "random_enhance",
      "strength": 1.0
    }
  ],
  "condition_counts": {
    "no_steering": {
      "records": 102,
      "correct": 102,
      "tokens": 25518
    },
    "short_feature_enhance": {
      "records": 102,
      "correct": 102,
      "tokens": 25516
    },
    "long_feature_suppress": {
      "records": 102,
      "correct": 102,
      "tokens": 25669
    },
    "random_feature_enhance": {
      "records": 102,
      "correct": 102,
      "tokens": 25610
    }
  },
  "common_prefix_audit": "passed",
  "strength_evidence": {
    "selection_path": "/home/youyang7/projects/SAE_long_short/results/phase3_sae_intervention_distillation_pilot_v1/exploratory/calibration/selected_strengths.json",
    "selection_sha256": "79dcc52d00bf038641adad25ecfc800f575e6afd7e2c56e2d7dc3a3bd9d58093",
    "marker_path": "/home/youyang7/projects/SAE_long_short/results/phase3_sae_intervention_distillation_pilot_v1/exploratory/calibration/CALIBRATION_COMPLETE",
    "marker_sha256": "3a6073479c4c016a417a25dc113488b69bacf1039d763420170a52f642038a3f"
  },
  "records_path": "/home/youyang7/projects/SAE_long_short/results/phase3_sae_intervention_distillation_pilot_v1/exploratory/main_generation_shards/shard_10_of_12/generations.jsonl",
  "records_sha256": "62eba9bd97c05c9806ab2e53624fe097224bd0e9187b43eb8c59a09c8aa5ffb6",
  "elapsed_seconds": 1593.9202563762665,
  "runtime": {
    "hostname": "c31",
    "platform": "Linux-5.19.9-1.el8.x86_64-x86_64-with-glibc2.28",
    "cuda_visible_devices": "2",
    "packages": {
      "python": "3.10.19",
      "torch": "2.10.0",
      "transformers": "4.48.3",
      "safetensors": "0.7.0"
    },
    "gpus": [
      {
        "index": "0",
        "name": "NVIDIA RTX A6000",
        "memory_total_mib": "49140",
        "driver_version": "580.82.07"
      },
      {
        "index": "1",
        "name": "NVIDIA RTX A6000",
        "memory_total_mib": "49140",
        "driver_version": "580.82.07"
      },
      {
        "index": "2",
        "name": "NVIDIA RTX A6000",
        "memory_total_mib": "49140",
        "driver_version": "580.82.07"
      },
      {
        "index": "3",
        "name": "NVIDIA RTX A6000",
        "memory_total_mib": "49140",
        "driver_version": "580.82.07"
      }
    ]
  },
  "source_code_sha256": "db112669ac047d5b9df55d7718adba2dbeb9becc792f16d090e23d4d5853136f",
  "library_code_sha256": "86415ead2d77cd27190c5a7f3424375962330baa6fba64488a69b2bc7f7f1397",
  "formal_claim_allowed": false
}
