Loading checkpoint shards:   0%|          | 0/4 [00:00<?, ?it/s]Loading checkpoint shards:  25%|██▌       | 1/4 [00:00<00:00,  9.40it/s]Loading checkpoint shards:  50%|█████     | 2/4 [00:00<00:00,  9.63it/s]Loading checkpoint shards:  75%|███████▌  | 3/4 [00:00<00:00,  9.68it/s]Loading checkpoint shards: 100%|██████████| 4/4 [00:00<00:00,  9.77it/s]Loading checkpoint shards: 100%|██████████| 4/4 [00:00<00:00,  9.70it/s]
{"event": "generation_progress", "stage": "main", "shard_index": 7, "candidate_index": 0, "processed_pairs": 2, "total_pairs": 102}
{"event": "generation_progress", "stage": "main", "shard_index": 7, "candidate_index": 0, "processed_pairs": 4, "total_pairs": 102}
{"event": "generation_progress", "stage": "main", "shard_index": 7, "candidate_index": 0, "processed_pairs": 6, "total_pairs": 102}
{"event": "generation_progress", "stage": "main", "shard_index": 7, "candidate_index": 0, "processed_pairs": 8, "total_pairs": 102}
{"event": "generation_progress", "stage": "main", "shard_index": 7, "candidate_index": 0, "processed_pairs": 10, "total_pairs": 102}
{"event": "generation_progress", "stage": "main", "shard_index": 7, "candidate_index": 0, "processed_pairs": 12, "total_pairs": 102}
{"event": "generation_progress", "stage": "main", "shard_index": 7, "candidate_index": 0, "processed_pairs": 14, "total_pairs": 102}
{"event": "generation_progress", "stage": "main", "shard_index": 7, "candidate_index": 0, "processed_pairs": 16, "total_pairs": 102}
{"event": "generation_progress", "stage": "main", "shard_index": 7, "candidate_index": 0, "processed_pairs": 18, "total_pairs": 102}
{"event": "generation_progress", "stage": "main", "shard_index": 7, "candidate_index": 0, "processed_pairs": 20, "total_pairs": 102}
{"event": "generation_progress", "stage": "main", "shard_index": 7, "candidate_index": 0, "processed_pairs": 22, "total_pairs": 102}
{"event": "generation_progress", "stage": "main", "shard_index": 7, "candidate_index": 0, "processed_pairs": 24, "total_pairs": 102}
{"event": "generation_progress", "stage": "main", "shard_index": 7, "candidate_index": 0, "processed_pairs": 26, "total_pairs": 102}
{"event": "generation_progress", "stage": "main", "shard_index": 7, "candidate_index": 0, "processed_pairs": 28, "total_pairs": 102}
{"event": "generation_progress", "stage": "main", "shard_index": 7, "candidate_index": 0, "processed_pairs": 30, "total_pairs": 102}
{"event": "generation_progress", "stage": "main", "shard_index": 7, "candidate_index": 0, "processed_pairs": 32, "total_pairs": 102}
{"event": "generation_progress", "stage": "main", "shard_index": 7, "candidate_index": 0, "processed_pairs": 34, "total_pairs": 102}
{"event": "generation_progress", "stage": "main", "shard_index": 7, "candidate_index": 0, "processed_pairs": 36, "total_pairs": 102}
{"event": "generation_progress", "stage": "main", "shard_index": 7, "candidate_index": 0, "processed_pairs": 38, "total_pairs": 102}
{"event": "generation_progress", "stage": "main", "shard_index": 7, "candidate_index": 0, "processed_pairs": 40, "total_pairs": 102}
{"event": "generation_progress", "stage": "main", "shard_index": 7, "candidate_index": 0, "processed_pairs": 42, "total_pairs": 102}
{"event": "generation_progress", "stage": "main", "shard_index": 7, "candidate_index": 0, "processed_pairs": 44, "total_pairs": 102}
{"event": "generation_progress", "stage": "main", "shard_index": 7, "candidate_index": 0, "processed_pairs": 46, "total_pairs": 102}
{"event": "generation_progress", "stage": "main", "shard_index": 7, "candidate_index": 0, "processed_pairs": 48, "total_pairs": 102}
{"event": "generation_progress", "stage": "main", "shard_index": 7, "candidate_index": 0, "processed_pairs": 50, "total_pairs": 102}
{"event": "generation_progress", "stage": "main", "shard_index": 7, "candidate_index": 0, "processed_pairs": 51, "total_pairs": 102}
{"event": "generation_progress", "stage": "main", "shard_index": 7, "candidate_index": 1, "processed_pairs": 53, "total_pairs": 102}
{"event": "generation_progress", "stage": "main", "shard_index": 7, "candidate_index": 1, "processed_pairs": 55, "total_pairs": 102}
{"event": "generation_progress", "stage": "main", "shard_index": 7, "candidate_index": 1, "processed_pairs": 57, "total_pairs": 102}
{"event": "generation_progress", "stage": "main", "shard_index": 7, "candidate_index": 1, "processed_pairs": 59, "total_pairs": 102}
{"event": "generation_progress", "stage": "main", "shard_index": 7, "candidate_index": 1, "processed_pairs": 61, "total_pairs": 102}
{"event": "generation_progress", "stage": "main", "shard_index": 7, "candidate_index": 1, "processed_pairs": 63, "total_pairs": 102}
{"event": "generation_progress", "stage": "main", "shard_index": 7, "candidate_index": 1, "processed_pairs": 65, "total_pairs": 102}
{"event": "generation_progress", "stage": "main", "shard_index": 7, "candidate_index": 1, "processed_pairs": 67, "total_pairs": 102}
{"event": "generation_progress", "stage": "main", "shard_index": 7, "candidate_index": 1, "processed_pairs": 69, "total_pairs": 102}
{"event": "generation_progress", "stage": "main", "shard_index": 7, "candidate_index": 1, "processed_pairs": 71, "total_pairs": 102}
{"event": "generation_progress", "stage": "main", "shard_index": 7, "candidate_index": 1, "processed_pairs": 73, "total_pairs": 102}
{"event": "generation_progress", "stage": "main", "shard_index": 7, "candidate_index": 1, "processed_pairs": 75, "total_pairs": 102}
{"event": "generation_progress", "stage": "main", "shard_index": 7, "candidate_index": 1, "processed_pairs": 77, "total_pairs": 102}
{"event": "generation_progress", "stage": "main", "shard_index": 7, "candidate_index": 1, "processed_pairs": 79, "total_pairs": 102}
{"event": "generation_progress", "stage": "main", "shard_index": 7, "candidate_index": 1, "processed_pairs": 81, "total_pairs": 102}
{"event": "generation_progress", "stage": "main", "shard_index": 7, "candidate_index": 1, "processed_pairs": 83, "total_pairs": 102}
{"event": "generation_progress", "stage": "main", "shard_index": 7, "candidate_index": 1, "processed_pairs": 85, "total_pairs": 102}
{"event": "generation_progress", "stage": "main", "shard_index": 7, "candidate_index": 1, "processed_pairs": 87, "total_pairs": 102}
{"event": "generation_progress", "stage": "main", "shard_index": 7, "candidate_index": 1, "processed_pairs": 89, "total_pairs": 102}
{"event": "generation_progress", "stage": "main", "shard_index": 7, "candidate_index": 1, "processed_pairs": 91, "total_pairs": 102}
{"event": "generation_progress", "stage": "main", "shard_index": 7, "candidate_index": 1, "processed_pairs": 93, "total_pairs": 102}
{"event": "generation_progress", "stage": "main", "shard_index": 7, "candidate_index": 1, "processed_pairs": 95, "total_pairs": 102}
{"event": "generation_progress", "stage": "main", "shard_index": 7, "candidate_index": 1, "processed_pairs": 97, "total_pairs": 102}
{"event": "generation_progress", "stage": "main", "shard_index": 7, "candidate_index": 1, "processed_pairs": 99, "total_pairs": 102}
{"event": "generation_progress", "stage": "main", "shard_index": 7, "candidate_index": 1, "processed_pairs": 101, "total_pairs": 102}
{"event": "generation_progress", "stage": "main", "shard_index": 7, "candidate_index": 1, "processed_pairs": 102, "total_pairs": 102}
{
  "status": "complete",
  "experiment_name": "phase3_sae_intervention_distillation_pilot_v1",
  "stage": "main",
  "config_hash": "c3bda5ba8bc07389e24cd9df5ac162e6c6c5162f0b7d3b6ea50e6dac2c367151",
  "config_path": "/home/youyang7/projects/SAE_long_short/results/phase3_sae_intervention_distillation_pilot_v1/exploratory/protocol/frozen_protocol.json",
  "config_sha256": "c7605ccf8c1d700c76eb252ddd48abac396d972481f35912389ea3893898e5bf",
  "shard_index": 7,
  "shard_count": 12,
  "problem_ids": [
    "hf-000666",
    "hf-001814",
    "hf-001822",
    "hf-001245",
    "hf-001026",
    "hf-001833",
    "hf-001218",
    "hf-000368",
    "hf-000821",
    "hf-000227",
    "hf-001565",
    "hf-000723",
    "hf-000053",
    "hf-000056",
    "hf-000633",
    "hf-000974",
    "hf-001797",
    "hf-000208",
    "hf-001160",
    "hf-000706",
    "hf-001950",
    "hf-000438",
    "hf-001694",
    "hf-000524",
    "hf-000805",
    "hf-001174",
    "hf-001986",
    "hf-000826",
    "hf-000603",
    "hf-001801",
    "hf-001929",
    "hf-000553",
    "hf-001520",
    "hf-000062",
    "hf-001217",
    "hf-001793",
    "hf-001152",
    "hf-000718",
    "hf-001688",
    "hf-000348",
    "hf-001945",
    "hf-001672",
    "hf-001206",
    "hf-000526",
    "hf-000139",
    "hf-001387",
    "hf-001856",
    "hf-000166",
    "hf-001946",
    "hf-000238",
    "hf-001448"
  ],
  "problem_ids_sha256": "19e226fd174aa794c9075e952ea2371f6ccffecf46b979e51cd8ae3420736bd8",
  "problem_count": 51,
  "candidate_count_per_problem": 2,
  "pair_count": 102,
  "conditions": [
    {
      "name": "no_steering",
      "mode": "none",
      "strength": 0.0
    },
    {
      "name": "short_feature_enhance",
      "mode": "short_enhance",
      "strength": 1.0
    },
    {
      "name": "long_feature_suppress",
      "mode": "long_suppress",
      "strength": 0.25
    },
    {
      "name": "random_feature_enhance",
      "mode": "random_enhance",
      "strength": 1.0
    }
  ],
  "condition_counts": {
    "no_steering": {
      "records": 102,
      "correct": 102,
      "tokens": 25940
    },
    "short_feature_enhance": {
      "records": 102,
      "correct": 102,
      "tokens": 25576
    },
    "long_feature_suppress": {
      "records": 102,
      "correct": 102,
      "tokens": 25835
    },
    "random_feature_enhance": {
      "records": 102,
      "correct": 102,
      "tokens": 25925
    }
  },
  "common_prefix_audit": "passed",
  "strength_evidence": {
    "selection_path": "/home/youyang7/projects/SAE_long_short/results/phase3_sae_intervention_distillation_pilot_v1/exploratory/calibration/selected_strengths.json",
    "selection_sha256": "79dcc52d00bf038641adad25ecfc800f575e6afd7e2c56e2d7dc3a3bd9d58093",
    "marker_path": "/home/youyang7/projects/SAE_long_short/results/phase3_sae_intervention_distillation_pilot_v1/exploratory/calibration/CALIBRATION_COMPLETE",
    "marker_sha256": "3a6073479c4c016a417a25dc113488b69bacf1039d763420170a52f642038a3f"
  },
  "records_path": "/home/youyang7/projects/SAE_long_short/results/phase3_sae_intervention_distillation_pilot_v1/exploratory/main_generation_shards/shard_07_of_12/generations.jsonl",
  "records_sha256": "705db41d34b38a565b8afaa6806cf0401df599434ba4726c89e5c2b5634ffd96",
  "elapsed_seconds": 1670.713639497757,
  "runtime": {
    "hostname": "c49",
    "platform": "Linux-5.19.9-1.el8.x86_64-x86_64-with-glibc2.28",
    "cuda_visible_devices": "0",
    "packages": {
      "python": "3.10.19",
      "torch": "2.10.0",
      "transformers": "4.48.3",
      "safetensors": "0.7.0"
    },
    "gpus": [
      {
        "index": "0",
        "name": "NVIDIA RTX 5000 Ada Generation",
        "memory_total_mib": "32760",
        "driver_version": "580.82.07"
      },
      {
        "index": "1",
        "name": "NVIDIA RTX 5000 Ada Generation",
        "memory_total_mib": "32760",
        "driver_version": "580.82.07"
      },
      {
        "index": "2",
        "name": "NVIDIA RTX 5000 Ada Generation",
        "memory_total_mib": "32760",
        "driver_version": "580.82.07"
      }
    ]
  },
  "source_code_sha256": "db112669ac047d5b9df55d7718adba2dbeb9becc792f16d090e23d4d5853136f",
  "library_code_sha256": "86415ead2d77cd27190c5a7f3424375962330baa6fba64488a69b2bc7f7f1397",
  "formal_claim_allowed": false
}
