Loading checkpoint shards:   0%|          | 0/4 [00:00<?, ?it/s]Loading checkpoint shards:  25%|██▌       | 1/4 [00:00<00:00,  9.81it/s]Loading checkpoint shards:  75%|███████▌  | 3/4 [00:00<00:00, 11.05it/s]Loading checkpoint shards: 100%|██████████| 4/4 [00:00<00:00, 11.24it/s]
{"event": "generation_progress", "stage": "main", "shard_index": 2, "candidate_index": 0, "processed_pairs": 2, "total_pairs": 104}
{"event": "generation_progress", "stage": "main", "shard_index": 2, "candidate_index": 0, "processed_pairs": 4, "total_pairs": 104}
{"event": "generation_progress", "stage": "main", "shard_index": 2, "candidate_index": 0, "processed_pairs": 6, "total_pairs": 104}
{"event": "generation_progress", "stage": "main", "shard_index": 2, "candidate_index": 0, "processed_pairs": 8, "total_pairs": 104}
{"event": "generation_progress", "stage": "main", "shard_index": 2, "candidate_index": 0, "processed_pairs": 10, "total_pairs": 104}
{"event": "generation_progress", "stage": "main", "shard_index": 2, "candidate_index": 0, "processed_pairs": 12, "total_pairs": 104}
{"event": "generation_progress", "stage": "main", "shard_index": 2, "candidate_index": 0, "processed_pairs": 14, "total_pairs": 104}
{"event": "generation_progress", "stage": "main", "shard_index": 2, "candidate_index": 0, "processed_pairs": 16, "total_pairs": 104}
{"event": "generation_progress", "stage": "main", "shard_index": 2, "candidate_index": 0, "processed_pairs": 18, "total_pairs": 104}
{"event": "generation_progress", "stage": "main", "shard_index": 2, "candidate_index": 0, "processed_pairs": 20, "total_pairs": 104}
{"event": "generation_progress", "stage": "main", "shard_index": 2, "candidate_index": 0, "processed_pairs": 22, "total_pairs": 104}
{"event": "generation_progress", "stage": "main", "shard_index": 2, "candidate_index": 0, "processed_pairs": 24, "total_pairs": 104}
{"event": "generation_progress", "stage": "main", "shard_index": 2, "candidate_index": 0, "processed_pairs": 26, "total_pairs": 104}
{"event": "generation_progress", "stage": "main", "shard_index": 2, "candidate_index": 0, "processed_pairs": 28, "total_pairs": 104}
{"event": "generation_progress", "stage": "main", "shard_index": 2, "candidate_index": 0, "processed_pairs": 30, "total_pairs": 104}
{"event": "generation_progress", "stage": "main", "shard_index": 2, "candidate_index": 0, "processed_pairs": 32, "total_pairs": 104}
{"event": "generation_progress", "stage": "main", "shard_index": 2, "candidate_index": 0, "processed_pairs": 34, "total_pairs": 104}
{"event": "generation_progress", "stage": "main", "shard_index": 2, "candidate_index": 0, "processed_pairs": 36, "total_pairs": 104}
{"event": "generation_progress", "stage": "main", "shard_index": 2, "candidate_index": 0, "processed_pairs": 38, "total_pairs": 104}
{"event": "generation_progress", "stage": "main", "shard_index": 2, "candidate_index": 0, "processed_pairs": 40, "total_pairs": 104}
{"event": "generation_progress", "stage": "main", "shard_index": 2, "candidate_index": 0, "processed_pairs": 42, "total_pairs": 104}
{"event": "generation_progress", "stage": "main", "shard_index": 2, "candidate_index": 0, "processed_pairs": 44, "total_pairs": 104}
{"event": "generation_progress", "stage": "main", "shard_index": 2, "candidate_index": 0, "processed_pairs": 46, "total_pairs": 104}
{"event": "generation_progress", "stage": "main", "shard_index": 2, "candidate_index": 0, "processed_pairs": 48, "total_pairs": 104}
{"event": "generation_progress", "stage": "main", "shard_index": 2, "candidate_index": 0, "processed_pairs": 50, "total_pairs": 104}
{"event": "generation_progress", "stage": "main", "shard_index": 2, "candidate_index": 0, "processed_pairs": 52, "total_pairs": 104}
{"event": "generation_progress", "stage": "main", "shard_index": 2, "candidate_index": 1, "processed_pairs": 54, "total_pairs": 104}
{"event": "generation_progress", "stage": "main", "shard_index": 2, "candidate_index": 1, "processed_pairs": 56, "total_pairs": 104}
{"event": "generation_progress", "stage": "main", "shard_index": 2, "candidate_index": 1, "processed_pairs": 58, "total_pairs": 104}
{"event": "generation_progress", "stage": "main", "shard_index": 2, "candidate_index": 1, "processed_pairs": 60, "total_pairs": 104}
{"event": "generation_progress", "stage": "main", "shard_index": 2, "candidate_index": 1, "processed_pairs": 62, "total_pairs": 104}
{"event": "generation_progress", "stage": "main", "shard_index": 2, "candidate_index": 1, "processed_pairs": 64, "total_pairs": 104}
{"event": "generation_progress", "stage": "main", "shard_index": 2, "candidate_index": 1, "processed_pairs": 66, "total_pairs": 104}
{"event": "generation_progress", "stage": "main", "shard_index": 2, "candidate_index": 1, "processed_pairs": 68, "total_pairs": 104}
{"event": "generation_progress", "stage": "main", "shard_index": 2, "candidate_index": 1, "processed_pairs": 70, "total_pairs": 104}
{"event": "generation_progress", "stage": "main", "shard_index": 2, "candidate_index": 1, "processed_pairs": 72, "total_pairs": 104}
{"event": "generation_progress", "stage": "main", "shard_index": 2, "candidate_index": 1, "processed_pairs": 74, "total_pairs": 104}
{"event": "generation_progress", "stage": "main", "shard_index": 2, "candidate_index": 1, "processed_pairs": 76, "total_pairs": 104}
{"event": "generation_progress", "stage": "main", "shard_index": 2, "candidate_index": 1, "processed_pairs": 78, "total_pairs": 104}
{"event": "generation_progress", "stage": "main", "shard_index": 2, "candidate_index": 1, "processed_pairs": 80, "total_pairs": 104}
{"event": "generation_progress", "stage": "main", "shard_index": 2, "candidate_index": 1, "processed_pairs": 82, "total_pairs": 104}
{"event": "generation_progress", "stage": "main", "shard_index": 2, "candidate_index": 1, "processed_pairs": 84, "total_pairs": 104}
{"event": "generation_progress", "stage": "main", "shard_index": 2, "candidate_index": 1, "processed_pairs": 86, "total_pairs": 104}
{"event": "generation_progress", "stage": "main", "shard_index": 2, "candidate_index": 1, "processed_pairs": 88, "total_pairs": 104}
{"event": "generation_progress", "stage": "main", "shard_index": 2, "candidate_index": 1, "processed_pairs": 90, "total_pairs": 104}
{"event": "generation_progress", "stage": "main", "shard_index": 2, "candidate_index": 1, "processed_pairs": 92, "total_pairs": 104}
{"event": "generation_progress", "stage": "main", "shard_index": 2, "candidate_index": 1, "processed_pairs": 94, "total_pairs": 104}
{"event": "generation_progress", "stage": "main", "shard_index": 2, "candidate_index": 1, "processed_pairs": 96, "total_pairs": 104}
{"event": "generation_progress", "stage": "main", "shard_index": 2, "candidate_index": 1, "processed_pairs": 98, "total_pairs": 104}
{"event": "generation_progress", "stage": "main", "shard_index": 2, "candidate_index": 1, "processed_pairs": 100, "total_pairs": 104}
{"event": "generation_progress", "stage": "main", "shard_index": 2, "candidate_index": 1, "processed_pairs": 102, "total_pairs": 104}
{"event": "generation_progress", "stage": "main", "shard_index": 2, "candidate_index": 1, "processed_pairs": 104, "total_pairs": 104}
{
  "status": "complete",
  "experiment_name": "phase3_sae_intervention_distillation_pilot_v1",
  "stage": "main",
  "config_hash": "c3bda5ba8bc07389e24cd9df5ac162e6c6c5162f0b7d3b6ea50e6dac2c367151",
  "config_path": "/home/youyang7/projects/SAE_long_short/results/phase3_sae_intervention_distillation_pilot_v1/exploratory/protocol/frozen_protocol.json",
  "config_sha256": "c7605ccf8c1d700c76eb252ddd48abac396d972481f35912389ea3893898e5bf",
  "shard_index": 2,
  "shard_count": 12,
  "problem_ids": [
    "hf-001491",
    "hf-000695",
    "hf-000983",
    "hf-001720",
    "hf-001608",
    "hf-000109",
    "hf-000928",
    "hf-001660",
    "hf-001175",
    "hf-000957",
    "hf-001058",
    "hf-000126",
    "hf-000148",
    "hf-000948",
    "hf-000749",
    "hf-001529",
    "hf-000905",
    "hf-001426",
    "hf-000034",
    "hf-000453",
    "hf-001911",
    "hf-000137",
    "hf-001537",
    "hf-000124",
    "hf-000087",
    "hf-000842",
    "hf-000052",
    "hf-001538",
    "hf-001879",
    "hf-000401",
    "hf-001027",
    "hf-001261",
    "hf-001521",
    "hf-000605",
    "hf-000521",
    "hf-001348",
    "hf-000941",
    "hf-000809",
    "hf-001721",
    "hf-000913",
    "hf-001378",
    "hf-001461",
    "hf-001754",
    "hf-001679",
    "hf-000595",
    "hf-000851",
    "hf-000161",
    "hf-000642",
    "hf-000307",
    "hf-000244",
    "hf-001108",
    "hf-000573"
  ],
  "problem_ids_sha256": "a56692270c243002fd2d8168c27b595436eef5a9b9ec42a3f7e7f624ed8bd8e8",
  "problem_count": 52,
  "candidate_count_per_problem": 2,
  "pair_count": 104,
  "conditions": [
    {
      "name": "no_steering",
      "mode": "none",
      "strength": 0.0
    },
    {
      "name": "short_feature_enhance",
      "mode": "short_enhance",
      "strength": 1.0
    },
    {
      "name": "long_feature_suppress",
      "mode": "long_suppress",
      "strength": 0.25
    },
    {
      "name": "random_feature_enhance",
      "mode": "random_enhance",
      "strength": 1.0
    }
  ],
  "condition_counts": {
    "no_steering": {
      "records": 104,
      "correct": 102,
      "tokens": 25709
    },
    "short_feature_enhance": {
      "records": 104,
      "correct": 102,
      "tokens": 26012
    },
    "long_feature_suppress": {
      "records": 104,
      "correct": 103,
      "tokens": 25753
    },
    "random_feature_enhance": {
      "records": 104,
      "correct": 103,
      "tokens": 25837
    }
  },
  "common_prefix_audit": "passed",
  "strength_evidence": {
    "selection_path": "/home/youyang7/projects/SAE_long_short/results/phase3_sae_intervention_distillation_pilot_v1/exploratory/calibration/selected_strengths.json",
    "selection_sha256": "79dcc52d00bf038641adad25ecfc800f575e6afd7e2c56e2d7dc3a3bd9d58093",
    "marker_path": "/home/youyang7/projects/SAE_long_short/results/phase3_sae_intervention_distillation_pilot_v1/exploratory/calibration/CALIBRATION_COMPLETE",
    "marker_sha256": "3a6073479c4c016a417a25dc113488b69bacf1039d763420170a52f642038a3f"
  },
  "records_path": "/home/youyang7/projects/SAE_long_short/results/phase3_sae_intervention_distillation_pilot_v1/exploratory/main_generation_shards/shard_02_of_12/generations.jsonl",
  "records_sha256": "fc60c7949aba9f3cd6a46b88abe880728861daecbf70f450ad7e8b021705f46d",
  "elapsed_seconds": 3120.673357486725,
  "runtime": {
    "hostname": "c31",
    "platform": "Linux-5.19.9-1.el8.x86_64-x86_64-with-glibc2.28",
    "cuda_visible_devices": "1",
    "packages": {
      "python": "3.10.19",
      "torch": "2.10.0",
      "transformers": "4.48.3",
      "safetensors": "0.7.0"
    },
    "gpus": [
      {
        "index": "0",
        "name": "NVIDIA RTX A6000",
        "memory_total_mib": "49140",
        "driver_version": "580.82.07"
      },
      {
        "index": "1",
        "name": "NVIDIA RTX A6000",
        "memory_total_mib": "49140",
        "driver_version": "580.82.07"
      },
      {
        "index": "2",
        "name": "NVIDIA RTX A6000",
        "memory_total_mib": "49140",
        "driver_version": "580.82.07"
      },
      {
        "index": "3",
        "name": "NVIDIA RTX A6000",
        "memory_total_mib": "49140",
        "driver_version": "580.82.07"
      }
    ]
  },
  "source_code_sha256": "db112669ac047d5b9df55d7718adba2dbeb9becc792f16d090e23d4d5853136f",
  "library_code_sha256": "86415ead2d77cd27190c5a7f3424375962330baa6fba64488a69b2bc7f7f1397",
  "formal_claim_allowed": false
}
